2025-10-27T18:01:09.4220955Z Current runner version: '2.328.0'
2025-10-27T18:01:09.4245699Z ##[group]Runner Image Provisioner
2025-10-27T18:01:09.4246537Z Hosted Compute Agent
2025-10-27T18:01:09.4247091Z Version: 20250912.392
2025-10-27T18:01:09.4247799Z Commit: d921fda672a98b64f4f82364647e2f10b2267d0b
2025-10-27T18:01:09.4248454Z Build Date: 2025-09-12T15:23:14Z
2025-10-27T18:01:09.4249044Z ##[endgroup]
2025-10-27T18:01:09.4249642Z ##[group]Operating System
2025-10-27T18:01:09.4250511Z Ubuntu
2025-10-27T18:01:09.4250968Z 24.04.3
2025-10-27T18:01:09.4251586Z LTS
2025-10-27T18:01:09.4252093Z ##[endgroup]
2025-10-27T18:01:09.4252687Z ##[group]Runner Image
2025-10-27T18:01:09.4253419Z Image: ubuntu-24.04
2025-10-27T18:01:09.4253901Z Version: 20250929.60.1
2025-10-27T18:01:09.4254929Z Included Software: https://github.com/actions/runner-images/blob/ubuntu24/20250929.60/images/ubuntu/Ubuntu2404-Readme.md
2025-10-27T18:01:09.4256509Z Image Release: https://github.com/actions/runner-images/releases/tag/ubuntu24%2F20250929.60
2025-10-27T18:01:09.4257464Z ##[endgroup]
2025-10-27T18:01:09.4258546Z ##[group]GITHUB_TOKEN Permissions
2025-10-27T18:01:09.4260738Z Contents: read
2025-10-27T18:01:09.4261384Z Metadata: read
2025-10-27T18:01:09.4261889Z ##[endgroup]
2025-10-27T18:01:09.4264010Z Secret source: Actions
2025-10-27T18:01:09.4264666Z Prepare workflow directory
2025-10-27T18:01:09.4607506Z Prepare all required actions
2025-10-27T18:01:09.4663869Z Getting action download info
2025-10-27T18:01:09.9008997Z Download action repository 'actions/checkout@v4' (SHA:08eba0b27e820071cde6df949e0beb9ba4906955)
2025-10-27T18:01:10.4172051Z Complete job name: Build and Push to ECR
2025-10-27T18:01:10.4995356Z ##[group]Run actions/checkout@v4
2025-10-27T18:01:10.4996262Z with:
2025-10-27T18:01:10.4996765Z   repository: osmind-development-org/better-chatbot
2025-10-27T18:01:10.4997604Z   token: ***
2025-10-27T18:01:10.4998024Z   ssh-strict: true
2025-10-27T18:01:10.4998444Z   ssh-user: git
2025-10-27T18:01:10.4998890Z   persist-credentials: true
2025-10-27T18:01:10.4999397Z   clean: true
2025-10-27T18:01:10.4999986Z   sparse-checkout-cone-mode: true
2025-10-27T18:01:10.5000524Z   fetch-depth: 1
2025-10-27T18:01:10.5000947Z   fetch-tags: false
2025-10-27T18:01:10.5001377Z   show-progress: true
2025-10-27T18:01:10.5001826Z   lfs: false
2025-10-27T18:01:10.5002239Z   submodules: false
2025-10-27T18:01:10.5002693Z   set-safe-directory: true
2025-10-27T18:01:10.5003583Z ##[endgroup]
2025-10-27T18:01:10.6114191Z Syncing repository: osmind-development-org/better-chatbot
2025-10-27T18:01:10.6116228Z ##[group]Getting Git version info
2025-10-27T18:01:10.6117127Z Working directory is '/home/runner/work/better-chatbot/better-chatbot'
2025-10-27T18:01:10.6118225Z [command]/usr/bin/git version
2025-10-27T18:01:10.6178777Z git version 2.51.0
2025-10-27T18:01:10.6206484Z ##[endgroup]
2025-10-27T18:01:10.6228458Z Temporarily overriding HOME='/home/runner/work/_temp/91e28b0c-d43a-4ebc-bf7e-5458ad13057a' before making global git config changes
2025-10-27T18:01:10.6234300Z Adding repository directory to the temporary git global config as a safe directory
2025-10-27T18:01:10.6235670Z [command]/usr/bin/git config --global --add safe.directory /home/runner/work/better-chatbot/better-chatbot
2025-10-27T18:01:10.6271836Z Deleting the contents of '/home/runner/work/better-chatbot/better-chatbot'
2025-10-27T18:01:10.6275419Z ##[group]Initializing the repository
2025-10-27T18:01:10.6279357Z [command]/usr/bin/git init /home/runner/work/better-chatbot/better-chatbot
2025-10-27T18:01:10.6379751Z hint: Using 'master' as the name for the initial branch. This default branch name
2025-10-27T18:01:10.6381119Z hint: is subject to change. To configure the initial branch name to use in all
2025-10-27T18:01:10.6382072Z hint: of your new repositories, which will suppress this warning, call:
2025-10-27T18:01:10.6383353Z hint:
2025-10-27T18:01:10.6384391Z hint: 	git config --global init.defaultBranch <name>
2025-10-27T18:01:10.6385538Z hint:
2025-10-27T18:01:10.6386521Z hint: Names commonly chosen instead of 'master' are 'main', 'trunk' and
2025-10-27T18:01:10.6388217Z hint: 'development'. The just-created branch can be renamed via this command:
2025-10-27T18:01:10.6388957Z hint:
2025-10-27T18:01:10.6389555Z hint: 	git branch -m <name>
2025-10-27T18:01:10.6390565Z hint:
2025-10-27T18:01:10.6391628Z hint: Disable this message with "git config set advice.defaultBranchName false"
2025-10-27T18:01:10.6393711Z Initialized empty Git repository in /home/runner/work/better-chatbot/better-chatbot/.git/
2025-10-27T18:01:10.6399734Z [command]/usr/bin/git remote add origin https://github.com/osmind-development-org/better-chatbot
2025-10-27T18:01:10.6444349Z ##[endgroup]
2025-10-27T18:01:10.6445329Z ##[group]Disabling automatic garbage collection
2025-10-27T18:01:10.6446027Z [command]/usr/bin/git config --local gc.auto 0
2025-10-27T18:01:10.6473621Z ##[endgroup]
2025-10-27T18:01:10.6474356Z ##[group]Setting up auth
2025-10-27T18:01:10.6480737Z [command]/usr/bin/git config --local --name-only --get-regexp core\.sshCommand
2025-10-27T18:01:10.6511635Z [command]/usr/bin/git submodule foreach --recursive sh -c "git config --local --name-only --get-regexp 'core\.sshCommand' && git config --local --unset-all 'core.sshCommand' || :"
2025-10-27T18:01:10.6831797Z [command]/usr/bin/git config --local --name-only --get-regexp http\.https\:\/\/github\.com\/\.extraheader
2025-10-27T18:01:10.6864226Z [command]/usr/bin/git submodule foreach --recursive sh -c "git config --local --name-only --get-regexp 'http\.https\:\/\/github\.com\/\.extraheader' && git config --local --unset-all 'http.https://github.com/.extraheader' || :"
2025-10-27T18:01:10.7086632Z [command]/usr/bin/git config --local http.https://github.com/.extraheader AUTHORIZATION: basic ***
2025-10-27T18:01:10.7129428Z ##[endgroup]
2025-10-27T18:01:10.7130532Z ##[group]Fetching the repository
2025-10-27T18:01:10.7138256Z [command]/usr/bin/git -c protocol.version=2 fetch --no-tags --prune --no-recurse-submodules --depth=1 origin +380e4a54162f7ef0accc49fa13dd6ea4e3ff07f3:refs/remotes/origin/main
2025-10-27T18:01:11.3253973Z From https://github.com/osmind-development-org/better-chatbot
2025-10-27T18:01:11.3256476Z  * [new ref]         380e4a54162f7ef0accc49fa13dd6ea4e3ff07f3 -> origin/main
2025-10-27T18:01:11.3286127Z ##[endgroup]
2025-10-27T18:01:11.3288088Z ##[group]Determining the checkout info
2025-10-27T18:01:11.3290360Z ##[endgroup]
2025-10-27T18:01:11.3294095Z [command]/usr/bin/git sparse-checkout disable
2025-10-27T18:01:11.3335786Z [command]/usr/bin/git config --local --unset-all extensions.worktreeConfig
2025-10-27T18:01:11.3364745Z ##[group]Checking out the ref
2025-10-27T18:01:11.3367728Z [command]/usr/bin/git checkout --progress --force -B main refs/remotes/origin/main
2025-10-27T18:01:11.3781767Z Switched to a new branch 'main'
2025-10-27T18:01:11.3783469Z branch 'main' set up to track 'origin/main'.
2025-10-27T18:01:11.3791101Z ##[endgroup]
2025-10-27T18:01:11.3829438Z [command]/usr/bin/git log -1 --format=%H
2025-10-27T18:01:11.3852376Z 380e4a54162f7ef0accc49fa13dd6ea4e3ff07f3
2025-10-27T18:01:11.4275925Z Prepare all required actions
2025-10-27T18:01:11.4466869Z ##[group]Run ./.github/workflows/shared/get-config
2025-10-27T18:01:11.4468181Z with:
2025-10-27T18:01:11.4469001Z   env: prod
2025-10-27T18:01:11.4470013Z ##[endgroup]
2025-10-27T18:01:11.4573547Z ##[group]Run # Set AWS region (default: us-west-2)
2025-10-27T18:01:11.4575103Z [36;1m# Set AWS region (default: us-west-2)[0m
2025-10-27T18:01:11.4576423Z [36;1mAWS_REGION="us-west-2"[0m
2025-10-27T18:01:11.4577748Z [36;1mecho "aws_region=$AWS_REGION" >> $GITHUB_OUTPUT[0m
2025-10-27T18:01:11.4579091Z [36;1m[0m
2025-10-27T18:01:11.4580133Z [36;1mAWS_ACCOUNT_ID="525896657660"[0m
2025-10-27T18:01:11.4581331Z [36;1mECR_REPO="better-chatbot"[0m
2025-10-27T18:01:11.4582506Z [36;1mCLUSTER_NAME="tools-prod"[0m
2025-10-27T18:01:11.4583729Z [36;1mSERVICE_NAME="better-chatbot-prod"[0m
2025-10-27T18:01:11.4585256Z [36;1mROLE_NAME="github-action-deploy-better-chatbot-prod"[0m
2025-10-27T18:01:11.4586684Z [36;1m[0m
2025-10-27T18:01:11.4588213Z [36;1mECR_REGISTRY="${AWS_ACCOUNT_ID}.dkr.ecr.${AWS_REGION}.amazonaws.com"[0m
2025-10-27T18:01:11.4589744Z [36;1m[0m
2025-10-27T18:01:11.4590994Z [36;1mecho "aws_account_id=$AWS_ACCOUNT_ID" >> $GITHUB_OUTPUT[0m
2025-10-27T18:01:11.4592646Z [36;1mecho "ecr_registry=$ECR_REGISTRY" >> $GITHUB_OUTPUT[0m
2025-10-27T18:01:11.4594148Z [36;1mecho "ecr_repo=$ECR_REPO" >> $GITHUB_OUTPUT[0m
2025-10-27T18:01:11.4595635Z [36;1mecho "cluster_name=$CLUSTER_NAME" >> $GITHUB_OUTPUT[0m
2025-10-27T18:01:11.4597222Z [36;1mecho "service_name=$SERVICE_NAME" >> $GITHUB_OUTPUT[0m
2025-10-27T18:01:11.4598746Z [36;1mecho "role_name=$ROLE_NAME" >> $GITHUB_OUTPUT[0m
2025-10-27T18:01:11.4600161Z [36;1m[0m
2025-10-27T18:01:11.4601196Z [36;1mecho "Configuration for production environment"[0m
2025-10-27T18:01:11.4602601Z [36;1mecho "  AWS Account: $AWS_ACCOUNT_ID"[0m
2025-10-27T18:01:11.4603894Z [36;1mecho "  ECR Registry: $ECR_REGISTRY"[0m
2025-10-27T18:01:11.4605147Z [36;1mecho "  ECR Repo: $ECR_REPO"[0m
2025-10-27T18:01:11.4606896Z [36;1mecho "  Cluster: $CLUSTER_NAME"[0m
2025-10-27T18:01:11.4608096Z [36;1mecho "  Service: $SERVICE_NAME"[0m
2025-10-27T18:01:11.4609234Z [36;1mecho "  Role: $ROLE_NAME"[0m
2025-10-27T18:01:11.4649651Z shell: /usr/bin/bash --noprofile --norc -e -o pipefail {0}
2025-10-27T18:01:11.4652207Z ##[endgroup]
2025-10-27T18:01:11.4741265Z Configuration for production environment
2025-10-27T18:01:11.4743373Z   AWS Account: 525896657660
2025-10-27T18:01:11.4745221Z   ECR Registry: 525896657660.dkr.ecr.us-west-2.amazonaws.com
2025-10-27T18:01:11.4747023Z   ECR Repo: better-chatbot
2025-10-27T18:01:11.4748080Z   Cluster: tools-prod
2025-10-27T18:01:11.4749024Z   Service: better-chatbot-prod
2025-10-27T18:01:11.4750454Z   Role: github-action-deploy-better-chatbot-prod
2025-10-27T18:01:11.5087925Z Prepare all required actions
2025-10-27T18:01:11.5089127Z Getting action download info
2025-10-27T18:01:11.8052437Z Download action repository 'aws-actions/configure-aws-credentials@v4' (SHA:7474bc4690e29a8392af63c5b98e7449536d5c3a)
2025-10-27T18:01:12.3702991Z Download action repository 'docker/login-action@v3' (SHA:5e57cd118135c172c3672efd75eb46360885c0ef)
2025-10-27T18:01:13.0170108Z Download action repository 'docker/setup-buildx-action@v3' (SHA:e468171a9de216ec08956ac3ada2f0791b6bd435)
2025-10-27T18:01:14.1554895Z Download action repository 'docker/build-push-action@v6' (SHA:263435318d21b8e681c14492fe198d362a7d2c83)
2025-10-27T18:01:14.8744349Z ##[group]Run ./.github/workflows/shared/build-and-push
2025-10-27T18:01:14.8744645Z with:
2025-10-27T18:01:14.8744819Z   env: prod
2025-10-27T18:01:14.8744995Z   aws_account_id: 525896657660
2025-10-27T18:01:14.8745274Z   ecr_registry: 525896657660.dkr.ecr.us-west-2.amazonaws.com
2025-10-27T18:01:14.8745611Z   ecr_repo_name: better-chatbot
2025-10-27T18:01:14.8745835Z   working_directory: .
2025-10-27T18:01:14.8746032Z   build_context: .
2025-10-27T18:01:14.8746227Z   platforms: linux/arm64
2025-10-27T18:01:14.8746431Z   aws_region: us-west-2
2025-10-27T18:01:14.8746633Z ##[endgroup]
2025-10-27T18:01:14.8766474Z Prepare all required actions
2025-10-27T18:01:14.8789431Z ##[group]Run ./.github/workflows/shared/set-short-sha
2025-10-27T18:01:14.8789719Z ##[endgroup]
2025-10-27T18:01:14.8822942Z ##[group]Run SHORT_SHA=$(echo "380e4a54162f7ef0accc49fa13dd6ea4e3ff07f3" | cut -c1-7)
2025-10-27T18:01:14.8823471Z [36;1mSHORT_SHA=$(echo "380e4a54162f7ef0accc49fa13dd6ea4e3ff07f3" | cut -c1-7)[0m
2025-10-27T18:01:14.8823859Z [36;1mecho "SHORT_SHA=$SHORT_SHA"[0m
2025-10-27T18:01:14.8824153Z [36;1mecho "SHORT_SHA=$SHORT_SHA" >> $GITHUB_OUTPUT[0m
2025-10-27T18:01:14.8854990Z shell: /usr/bin/bash --noprofile --norc -e -o pipefail {0}
2025-10-27T18:01:14.8855313Z ##[endgroup]
2025-10-27T18:01:14.8922510Z SHORT_SHA=380e4a5
2025-10-27T18:01:14.8945495Z ##[group]Run IMAGE_NAME="525896657660.dkr.ecr.us-west-2.amazonaws.com/better-chatbot" \
2025-10-27T18:01:14.8946032Z [36;1mIMAGE_NAME="525896657660.dkr.ecr.us-west-2.amazonaws.com/better-chatbot" \[0m
2025-10-27T18:01:14.8946604Z [36;1m&& echo "IMAGE_NAME=$IMAGE_NAME" \[0m
2025-10-27T18:01:14.8946919Z [36;1m&& echo "IMAGE_NAME=$IMAGE_NAME" >> $GITHUB_OUTPUT[0m
2025-10-27T18:01:14.8974946Z shell: /usr/bin/bash --noprofile --norc -e -o pipefail {0}
2025-10-27T18:01:14.8975274Z ##[endgroup]
2025-10-27T18:01:14.9021516Z IMAGE_NAME=525896657660.dkr.ecr.us-west-2.amazonaws.com/better-chatbot
2025-10-27T18:01:14.9040477Z ##[group]Run if [[ ! -f package.json ]]; then
2025-10-27T18:01:14.9040797Z [36;1mif [[ ! -f package.json ]]; then[0m
2025-10-27T18:01:14.9041091Z [36;1m  echo "Error: package.json not found in ."[0m
2025-10-27T18:01:14.9041362Z [36;1m  exit 1[0m
2025-10-27T18:01:14.9041538Z [36;1mfi[0m
2025-10-27T18:01:14.9041751Z [36;1mVERSION=$(jq -r .version package.json) \[0m
2025-10-27T18:01:14.9042047Z [36;1m&& if [[ "$VERSION" == "null" ]]; then[0m
2025-10-27T18:01:14.9042371Z [36;1m  echo "Error: version field not found in package.json"[0m
2025-10-27T18:01:14.9042661Z [36;1m  exit 1[0m
2025-10-27T18:01:14.9042847Z [36;1mfi \[0m
2025-10-27T18:01:14.9043047Z [36;1m&& IMAGE_TAG="${VERSION}-380e4a5" \[0m
2025-10-27T18:01:14.9043307Z [36;1m&& echo "IMAGE_TAG=$IMAGE_TAG" \[0m
2025-10-27T18:01:14.9043595Z [36;1m&& echo "IMAGE_TAG=$IMAGE_TAG" >> $GITHUB_OUTPUT[0m
2025-10-27T18:01:14.9071613Z shell: /usr/bin/bash --noprofile --norc -e -o pipefail {0}
2025-10-27T18:01:14.9071940Z ##[endgroup]
2025-10-27T18:01:14.9160769Z IMAGE_TAG=1.24.0-380e4a5
2025-10-27T18:01:14.9231738Z ##[group]Run aws-actions/configure-aws-credentials@v4
2025-10-27T18:01:14.9232030Z with:
2025-10-27T18:01:14.9232315Z   role-to-assume: arn:aws:iam::525896657660:role/github-action-ecr-push-image
2025-10-27T18:01:14.9232662Z   aws-region: us-west-2
2025-10-27T18:01:14.9232879Z   audience: sts.amazonaws.com
2025-10-27T18:01:14.9233316Z   output-env-credentials: true
2025-10-27T18:01:14.9233558Z ##[endgroup]
2025-10-27T18:01:15.3618645Z Assuming role with OIDC
2025-10-27T18:01:15.5039453Z Authenticated as assumedRoleId AROAXU4PCFL6LCISELSP6:GitHubActions
2025-10-27T18:01:15.5471052Z ##[group]Run docker/login-action@v3
2025-10-27T18:01:15.5471305Z with:
2025-10-27T18:01:15.5471544Z   registry: 525896657660.dkr.ecr.us-west-2.amazonaws.com
2025-10-27T18:01:15.5471841Z   logout: true
2025-10-27T18:01:15.5472021Z env:
2025-10-27T18:01:15.5472203Z   AWS_DEFAULT_REGION: us-west-2
2025-10-27T18:01:15.5472435Z   AWS_REGION: us-west-2
2025-10-27T18:01:15.5472925Z   AWS_ACCESS_KEY_ID: ***
2025-10-27T18:01:15.5473256Z   AWS_SECRET_ACCESS_KEY: ***
2025-10-27T18:01:15.5478039Z   AWS_SESSION_TOKEN: ***
2025-10-27T18:01:15.5478252Z ##[endgroup]
2025-10-27T18:01:15.8434300Z Retrieving registries data through AWS SDK...
2025-10-27T18:01:15.8440272Z AWS ECR detected with us-west-2 region
2025-10-27T18:01:16.0197982Z Logging into https://525896657660.dkr.ecr.us-west-2.amazonaws.com...
2025-10-27T18:01:16.3000838Z Login Succeeded!
2025-10-27T18:01:16.3152781Z ##[group]Run docker/setup-buildx-action@v3
2025-10-27T18:01:16.3153060Z with:
2025-10-27T18:01:16.3153265Z   driver: docker-container
2025-10-27T18:01:16.3153491Z   install: false
2025-10-27T18:01:16.3153680Z   use: true
2025-10-27T18:01:16.3153858Z   keep-state: false
2025-10-27T18:01:16.3154059Z   cache-binary: true
2025-10-27T18:01:16.3154260Z   cleanup: true
2025-10-27T18:01:16.3154447Z env:
2025-10-27T18:01:16.3154948Z   ***_DEFAULT_REGION: us-west-2
2025-10-27T18:01:16.3155206Z   ***_REGION: us-west-2
2025-10-27T18:01:16.3155478Z   ***_ACCESS_KEY_ID: ***
2025-10-27T18:01:16.3155797Z   ***_SECRET_ACCESS_KEY: ***
2025-10-27T18:01:16.3160861Z   ***_SESSION_TOKEN: ***
2025-10-27T18:01:16.3161097Z ##[endgroup]
2025-10-27T18:01:16.6039341Z ##[group]Docker info
2025-10-27T18:01:16.6066886Z [command]/usr/bin/docker version
2025-10-27T18:01:16.6254584Z Client: Docker Engine - Community
2025-10-27T18:01:16.6265180Z  Version:           28.0.4
2025-10-27T18:01:16.6265665Z  API version:       1.48
2025-10-27T18:01:16.6271033Z  Go version:        go1.23.7
2025-10-27T18:01:16.6272965Z  Git commit:        b8034c0
2025-10-27T18:01:16.6273995Z  Built:             Tue Mar 25 15:07:16 2025
2025-10-27T18:01:16.6274529Z  OS/Arch:           linux/amd64
2025-10-27T18:01:16.6274987Z  Context:           default
2025-10-27T18:01:16.6275256Z 
2025-10-27T18:01:16.6275449Z Server: Docker Engine - Community
2025-10-27T18:01:16.6275896Z  Engine:
2025-10-27T18:01:16.6276225Z   Version:          28.0.4
2025-10-27T18:01:16.6276673Z   API version:      1.48 (minimum version 1.24)
2025-10-27T18:01:16.6277183Z   Go version:       go1.23.7
2025-10-27T18:01:16.6277579Z   Git commit:       6430e49
2025-10-27T18:01:16.6277997Z   Built:            Tue Mar 25 15:07:16 2025
2025-10-27T18:01:16.6278472Z   OS/Arch:          linux/amd64
2025-10-27T18:01:16.6278893Z   Experimental:     false
2025-10-27T18:01:16.6279297Z  containerd:
2025-10-27T18:01:16.6279663Z   Version:          v1.7.28
2025-10-27T18:01:16.6280431Z   GitCommit:        b98a3aace656320842a23f4a392a33f46af97866
2025-10-27T18:01:16.6280975Z  runc:
2025-10-27T18:01:16.6281342Z   Version:          1.3.0
2025-10-27T18:01:16.6281794Z   GitCommit:        v1.3.0-0-g4ca628d1
2025-10-27T18:01:16.6282259Z  docker-init:
2025-10-27T18:01:16.6282599Z   Version:          0.19.0
2025-10-27T18:01:16.6283000Z   GitCommit:        de40ad0
2025-10-27T18:01:16.6314501Z [command]/usr/bin/docker info
2025-10-27T18:01:18.6971181Z Client: Docker Engine - Community
2025-10-27T18:01:18.6972730Z  Version:    28.0.4
2025-10-27T18:01:18.6973120Z  Context:    default
2025-10-27T18:01:18.6973476Z  Debug Mode: false
2025-10-27T18:01:18.6973806Z  Plugins:
2025-10-27T18:01:18.6974148Z   buildx: Docker Buildx (Docker Inc.)
2025-10-27T18:01:18.6974589Z     Version:  v0.28.0
2025-10-27T18:01:18.6975055Z     Path:     /usr/libexec/docker/cli-plugins/docker-buildx
2025-10-27T18:01:18.6976048Z   compose: Docker Compose (Docker Inc.)
2025-10-27T18:01:18.6976515Z     Version:  v2.38.2
2025-10-27T18:01:18.6976958Z     Path:     /usr/libexec/docker/cli-plugins/docker-compose
2025-10-27T18:01:18.6977334Z 
2025-10-27T18:01:18.6977482Z Server:
2025-10-27T18:01:18.6977776Z  Containers: 0
2025-10-27T18:01:18.6978094Z   Running: 0
2025-10-27T18:01:18.6978406Z   Paused: 0
2025-10-27T18:01:18.6978718Z   Stopped: 0
2025-10-27T18:01:18.6979016Z  Images: 0
2025-10-27T18:01:18.6979318Z  Server Version: 28.0.4
2025-10-27T18:01:18.6979677Z  Storage Driver: overlay2
2025-10-27T18:01:18.6980380Z   Backing Filesystem: extfs
2025-10-27T18:01:18.6980774Z   Supports d_type: true
2025-10-27T18:01:18.6981134Z   Using metacopy: false
2025-10-27T18:01:18.6981494Z   Native Overlay Diff: false
2025-10-27T18:01:18.6981876Z   userxattr: false
2025-10-27T18:01:18.6982220Z  Logging Driver: json-file
2025-10-27T18:01:18.6982594Z  Cgroup Driver: systemd
2025-10-27T18:01:18.6982939Z  Cgroup Version: 2
2025-10-27T18:01:18.6983257Z  Plugins:
2025-10-27T18:01:18.6983564Z   Volume: local
2025-10-27T18:01:18.6983964Z   Network: bridge host ipvlan macvlan null overlay
2025-10-27T18:01:18.6984401Z   Log: awslogs fluentd gcplogs gelf journald json-file local splunk syslog
2025-10-27T18:01:18.6984771Z  Swarm: inactive
2025-10-27T18:01:18.6985010Z  Runtimes: io.containerd.runc.v2 runc
2025-10-27T18:01:18.6985300Z  Default Runtime: runc
2025-10-27T18:01:18.6985530Z  Init Binary: docker-init
2025-10-27T18:01:18.6985991Z  containerd version: b98a3aace656320842a23f4a392a33f46af97866
2025-10-27T18:01:18.6986511Z  runc version: v1.3.0-0-g4ca628d1
2025-10-27T18:01:18.6986770Z  init version: de40ad0
2025-10-27T18:01:18.6986984Z  Security Options:
2025-10-27T18:01:18.6987295Z   apparmor
2025-10-27T18:01:18.6987484Z   seccomp
2025-10-27T18:01:18.6987672Z    Profile: builtin
2025-10-27T18:01:18.6987871Z   cgroupns
2025-10-27T18:01:18.6988066Z  Kernel Version: 6.11.0-1018-azure
2025-10-27T18:01:18.6988323Z  Operating System: Ubuntu 24.04.3 LTS
2025-10-27T18:01:18.6988571Z  OSType: linux
2025-10-27T18:01:18.6988775Z  Architecture: x86_64
2025-10-27T18:01:18.6988982Z  CPUs: 4
2025-10-27T18:01:18.6989162Z  Total Memory: 15.62GiB
2025-10-27T18:01:18.6989372Z  Name: runnervmwhb2z
2025-10-27T18:01:18.6989994Z  ID: ac1187db-1850-4397-a0f7-3b6e6ef293d6
2025-10-27T18:01:18.6990376Z  Docker Root Dir: /var/lib/docker
2025-10-27T18:01:18.6990615Z  Debug Mode: false
2025-10-27T18:01:18.6990818Z  Username: githubactions
2025-10-27T18:01:18.6991040Z  Experimental: false
2025-10-27T18:01:18.6991249Z  Insecure Registries:
2025-10-27T18:01:18.6996177Z   ::1/128
2025-10-27T18:01:18.6996495Z   127.0.0.0/8
2025-10-27T18:01:18.6996764Z  Live Restore Enabled: false
2025-10-27T18:01:18.6996942Z 
2025-10-27T18:01:18.6997363Z ##[endgroup]
2025-10-27T18:01:18.7997247Z ##[group]Buildx version
2025-10-27T18:01:18.8027754Z [command]/usr/bin/docker buildx version
2025-10-27T18:01:18.8567462Z github.com/docker/buildx v0.28.0 b1281b81bba797b21d9eaf256e6a13eb14419836
2025-10-27T18:01:18.8599181Z ##[endgroup]
2025-10-27T18:01:18.8753899Z ##[group]Inspecting default docker context
2025-10-27T18:01:18.8894562Z [
2025-10-27T18:01:18.8894884Z   {
2025-10-27T18:01:18.8895176Z     "Name": "default",
2025-10-27T18:01:18.8895433Z     "Metadata": {},
2025-10-27T18:01:18.8895679Z     "Endpoints": {
2025-10-27T18:01:18.8895884Z       "docker": {
2025-10-27T18:01:18.8896128Z         "Host": "unix:///var/run/docker.sock",
2025-10-27T18:01:18.8896430Z         "SkipTLSVerify": false
2025-10-27T18:01:18.8896664Z       }
2025-10-27T18:01:18.8896837Z     },
2025-10-27T18:01:18.8897019Z     "TLSMaterial": {},
2025-10-27T18:01:18.8897228Z     "Storage": {
2025-10-27T18:01:18.8897436Z       "MetadataPath": "<IN MEMORY>",
2025-10-27T18:01:18.8897690Z       "TLSPath": "<IN MEMORY>"
2025-10-27T18:01:18.8897911Z     }
2025-10-27T18:01:18.8898079Z   }
2025-10-27T18:01:18.8898242Z ]
2025-10-27T18:01:18.8898907Z ##[endgroup]
2025-10-27T18:01:18.8899476Z ##[group]Creating a new builder instance
2025-10-27T18:01:19.0196004Z [command]/usr/bin/docker buildx create --name builder-a8b88038-653e-47d8-94d7-bad2ba9ca87a --driver docker-container --buildkitd-flags --allow-insecure-entitlement security.insecure --allow-insecure-entitlement network.host --use
2025-10-27T18:01:19.0742600Z builder-a8b88038-653e-47d8-94d7-bad2ba9ca87a
2025-10-27T18:01:19.0776704Z ##[endgroup]
2025-10-27T18:01:19.0777350Z ##[group]Booting builder
2025-10-27T18:01:19.0809497Z [command]/usr/bin/docker buildx inspect --bootstrap --builder builder-a8b88038-653e-47d8-94d7-bad2ba9ca87a
2025-10-27T18:01:19.1292083Z #1 [internal] booting buildkit
2025-10-27T18:01:19.2801532Z #1 pulling image moby/buildkit:buildx-stable-1
2025-10-27T18:01:26.3720042Z #1 pulling image moby/buildkit:buildx-stable-1 7.2s done
2025-10-27T18:01:26.5224767Z #1 creating container buildx_buildkit_builder-a8b88038-653e-47d8-94d7-bad2ba9ca87a0
2025-10-27T18:01:26.7584974Z #1 creating container buildx_buildkit_builder-a8b88038-653e-47d8-94d7-bad2ba9ca87a0 0.4s done
2025-10-27T18:01:26.7596555Z #1 DONE 7.6s
2025-10-27T18:01:26.7874631Z Name:          builder-a8b88038-653e-47d8-94d7-bad2ba9ca87a
2025-10-27T18:01:26.7875733Z Driver:        docker-container
2025-10-27T18:01:26.7877118Z Last Activity: 2025-10-27 18:01:19 +0000 UTC
2025-10-27T18:01:26.7877792Z 
2025-10-27T18:01:26.7877947Z Nodes:
2025-10-27T18:01:26.7878267Z Name:                  builder-a8b88038-653e-47d8-94d7-bad2ba9ca87a0
2025-10-27T18:01:26.7878648Z Endpoint:              unix:///var/run/docker.sock
2025-10-27T18:01:26.7878955Z Status:                running
2025-10-27T18:01:26.7879460Z BuildKit daemon flags: --allow-insecure-entitlement security.insecure --allow-insecure-entitlement network.host
2025-10-27T18:01:26.7880248Z BuildKit version:      v0.25.1
2025-10-27T18:01:26.7880585Z Platforms:             linux/amd64, linux/amd64/v2, linux/amd64/v3, linux/386
2025-10-27T18:01:26.7880922Z Labels:
2025-10-27T18:01:26.7881171Z  org.mobyproject.buildkit.worker.executor:         oci
2025-10-27T18:01:26.7881587Z  org.mobyproject.buildkit.worker.hostname:         aaa0f68aee17
2025-10-27T18:01:26.7881993Z  org.mobyproject.buildkit.worker.network:          host
2025-10-27T18:01:26.7882383Z  org.mobyproject.buildkit.worker.oci.process-mode: sandbox
2025-10-27T18:01:26.7882780Z  org.mobyproject.buildkit.worker.selinux.enabled:  false
2025-10-27T18:01:26.7883504Z  org.mobyproject.buildkit.worker.snapshotter:      overlayfs
2025-10-27T18:01:26.7883829Z GC Policy rule#0:
2025-10-27T18:01:26.7884031Z  All:            false
2025-10-27T18:01:26.7884361Z  Filters:        type==source.local,type==exec.cachemount,type==source.git.checkout
2025-10-27T18:01:26.7884737Z  Keep Duration:  48h0m0s
2025-10-27T18:01:26.7884955Z  Max Used Space: 488.3MiB
2025-10-27T18:01:26.7885175Z GC Policy rule#1:
2025-10-27T18:01:26.7885370Z  All:            false
2025-10-27T18:01:26.7885574Z  Keep Duration:  1440h0m0s
2025-10-27T18:01:26.7885787Z  Reserved Space: 7.451GiB
2025-10-27T18:01:26.7886007Z  Max Used Space: 54.02GiB
2025-10-27T18:01:26.7886213Z  Min Free Space: 13.97GiB
2025-10-27T18:01:26.7886424Z GC Policy rule#2:
2025-10-27T18:01:26.7886615Z  All:            false
2025-10-27T18:01:26.7886813Z  Reserved Space: 7.451GiB
2025-10-27T18:01:26.7887020Z  Max Used Space: 54.02GiB
2025-10-27T18:01:26.7887225Z  Min Free Space: 13.97GiB
2025-10-27T18:01:26.7887437Z GC Policy rule#3:
2025-10-27T18:01:26.7887626Z  All:            true
2025-10-27T18:01:26.7887829Z  Reserved Space: 7.451GiB
2025-10-27T18:01:26.7888040Z  Max Used Space: 54.02GiB
2025-10-27T18:01:26.7888251Z  Min Free Space: 13.97GiB
2025-10-27T18:01:26.7930704Z ##[endgroup]
2025-10-27T18:01:26.8784585Z ##[group]Inspect builder
2025-10-27T18:01:26.8787189Z {
2025-10-27T18:01:26.8787504Z   "nodes": [
2025-10-27T18:01:26.8787813Z     {
2025-10-27T18:01:26.8788422Z       "name": "builder-a8b88038-653e-47d8-94d7-bad2ba9ca87a0",
2025-10-27T18:01:26.8789058Z       "endpoint": "unix:///var/run/docker.sock",
2025-10-27T18:01:26.8789565Z       "status": "running",
2025-10-27T18:01:26.8791040Z       "buildkitd-flags": "--allow-insecure-entitlement security.insecure --allow-insecure-entitlement network.host",
2025-10-27T18:01:26.8791999Z       "buildkit": "v0.25.1",
2025-10-27T18:01:26.8792591Z       "platforms": "linux/amd64,linux/amd64/v2,linux/amd64/v3,linux/386",
2025-10-27T18:01:26.8793224Z       "features": {
2025-10-27T18:01:26.8793788Z         "Automatically load images to the Docker Engine image store": true,
2025-10-27T18:01:26.8794453Z         "Cache export": true,
2025-10-27T18:01:26.8794879Z         "Direct push": true,
2025-10-27T18:01:26.8795292Z         "Docker exporter": true,
2025-10-27T18:01:26.8795743Z         "Multi-platform build": true,
2025-10-27T18:01:26.8796190Z         "OCI exporter": true
2025-10-27T18:01:26.8796585Z       },
2025-10-27T18:01:26.8796863Z       "labels": {
2025-10-27T18:01:26.8797260Z         "org.mobyproject.buildkit.worker.executor": "oci",
2025-10-27T18:01:26.8797879Z         "org.mobyproject.buildkit.worker.hostname": "aaa0f68aee17",
2025-10-27T18:01:26.8798475Z         "org.mobyproject.buildkit.worker.network": "host",
2025-10-27T18:01:26.8799124Z         "org.mobyproject.buildkit.worker.oci.process-mode": "sandbox",
2025-10-27T18:01:26.8800373Z         "org.mobyproject.buildkit.worker.selinux.enabled": "false",
2025-10-27T18:01:26.8801110Z         "org.mobyproject.buildkit.worker.snapshotter": "overlayfs"
2025-10-27T18:01:26.8801637Z       },
2025-10-27T18:01:26.8801897Z       "gcPolicy": [
2025-10-27T18:01:26.8802177Z         {
2025-10-27T18:01:26.8802440Z           "all": false,
2025-10-27T18:01:26.8802729Z           "filter": [
2025-10-27T18:01:26.8803049Z             "type==source.local",
2025-10-27T18:01:26.8803458Z             "type==exec.cachemount",
2025-10-27T18:01:26.8803891Z             "type==source.git.checkout"
2025-10-27T18:01:26.8804297Z           ],
2025-10-27T18:01:26.8804603Z           "keepDuration": "48h0m0s",
2025-10-27T18:01:26.8805013Z           "maxUsedSpace": "488.3MiB"
2025-10-27T18:01:26.8805398Z         },
2025-10-27T18:01:26.8805669Z         {
2025-10-27T18:01:26.8805958Z           "all": false,
2025-10-27T18:01:26.8806310Z           "keepDuration": "1440h0m0s",
2025-10-27T18:01:26.8806737Z           "reservedSpace": "7.451GiB",
2025-10-27T18:01:26.8807152Z           "maxUsedSpace": "54.02GiB",
2025-10-27T18:01:26.8807808Z           "minFreeSpace": "13.97GiB"
2025-10-27T18:01:26.8808188Z         },
2025-10-27T18:01:26.8808464Z         {
2025-10-27T18:01:26.8808740Z           "all": false,
2025-10-27T18:01:26.8809082Z           "reservedSpace": "7.451GiB",
2025-10-27T18:01:26.8809500Z           "maxUsedSpace": "54.02GiB",
2025-10-27T18:01:26.8810418Z           "minFreeSpace": "13.97GiB"
2025-10-27T18:01:26.8810809Z         },
2025-10-27T18:01:26.8811088Z         {
2025-10-27T18:01:26.8811367Z           "all": true,
2025-10-27T18:01:26.8811714Z           "reservedSpace": "7.451GiB",
2025-10-27T18:01:26.8812121Z           "maxUsedSpace": "54.02GiB",
2025-10-27T18:01:26.8812544Z           "minFreeSpace": "13.97GiB"
2025-10-27T18:01:26.8812927Z         }
2025-10-27T18:01:26.8813200Z       ]
2025-10-27T18:01:26.8813471Z     }
2025-10-27T18:01:26.8813740Z   ],
2025-10-27T18:01:26.8814110Z   "name": "builder-a8b88038-653e-47d8-94d7-bad2ba9ca87a",
2025-10-27T18:01:26.8814625Z   "driver": "docker-container",
2025-10-27T18:01:26.8815050Z   "lastActivity": "2025-10-27T18:01:19.000Z"
2025-10-27T18:01:26.8815455Z }
2025-10-27T18:01:26.8816017Z ##[endgroup]
2025-10-27T18:01:26.8816547Z ##[group]BuildKit version
2025-10-27T18:01:26.8817168Z builder-a8b88038-653e-47d8-94d7-bad2ba9ca87a0: v0.25.1
2025-10-27T18:01:26.8817923Z ##[endgroup]
2025-10-27T18:01:26.8961161Z ##[group]Run docker/build-push-action@v6
2025-10-27T18:01:26.8961627Z with:
2025-10-27T18:01:26.8961921Z   context: .
2025-10-27T18:01:26.8962248Z   file: docker/Dockerfile
2025-10-27T18:01:26.8962633Z   push: true
2025-10-27T18:01:26.8964346Z   tags: 525896657660.dkr.ecr.us-west-2.amazonaws.com/better-chatbot:380e4a5
525896657660.dkr.ecr.us-west-2.amazonaws.com/better-chatbot:1.24.0-380e4a5
525896657660.dkr.ecr.us-west-2.amazonaws.com/better-chatbot:latest

2025-10-27T18:01:26.8966186Z   cache-from: type=registry,ref=525896657660.dkr.ecr.us-west-2.amazonaws.com/better-chatbot:cache

2025-10-27T18:01:26.8967578Z   cache-to: type=registry,mode=max,image-manifest=true,oci-mediatypes=true,ref=525896657660.dkr.ecr.us-west-2.amazonaws.com/better-chatbot:cache

2025-10-27T18:01:26.8968673Z   platforms: linux/arm64
2025-10-27T18:01:26.8969083Z   load: false
2025-10-27T18:01:26.8969426Z   no-cache: false
2025-10-27T18:01:26.8969776Z   pull: false
2025-10-27T18:01:26.8970608Z   github-token: ***
2025-10-27T18:01:26.8970984Z env:
2025-10-27T18:01:26.8971352Z   ***_DEFAULT_REGION: us-west-2
2025-10-27T18:01:26.8971791Z   ***_REGION: us-west-2
2025-10-27T18:01:26.8972225Z   ***_ACCESS_KEY_ID: ***
2025-10-27T18:01:26.8972782Z   ***_SECRET_ACCESS_KEY: ***
2025-10-27T18:01:26.8982327Z   ***_SESSION_TOKEN: ***
2025-10-27T18:01:26.8982734Z ##[endgroup]
2025-10-27T18:01:27.1739664Z ##[group]GitHub Actions runtime token ACs
2025-10-27T18:01:27.1753726Z refs/heads/main: read/write
2025-10-27T18:01:27.1754909Z ##[endgroup]
2025-10-27T18:01:27.1755454Z ##[group]Docker info
2025-10-27T18:01:27.1803450Z [command]/usr/bin/docker version
2025-10-27T18:01:27.1986725Z Client: Docker Engine - Community
2025-10-27T18:01:27.1987255Z  Version:           28.0.4
2025-10-27T18:01:27.1987636Z  API version:       1.48
2025-10-27T18:01:27.1987903Z  Go version:        go1.23.7
2025-10-27T18:01:27.1988142Z  Git commit:        b8034c0
2025-10-27T18:01:27.1989944Z  Built:             Tue Mar 25 15:07:16 2025
2025-10-27T18:01:27.1990431Z  OS/Arch:           linux/amd64
2025-10-27T18:01:27.1990812Z  Context:           default
2025-10-27T18:01:27.1991034Z 
2025-10-27T18:01:27.1991135Z Server: Docker Engine - Community
2025-10-27T18:01:27.1991377Z  Engine:
2025-10-27T18:01:27.1991561Z   Version:          28.0.4
2025-10-27T18:01:27.1991809Z   API version:      1.48 (minimum version 1.24)
2025-10-27T18:01:27.1992085Z   Go version:       go1.23.7
2025-10-27T18:01:27.1992309Z   Git commit:       6430e49
2025-10-27T18:01:27.1992555Z   Built:            Tue Mar 25 15:07:16 2025
2025-10-27T18:01:27.1992815Z   OS/Arch:          linux/amd64
2025-10-27T18:01:27.1993049Z   Experimental:     false
2025-10-27T18:01:27.1993285Z  containerd:
2025-10-27T18:01:27.1993778Z   Version:          v1.7.28
2025-10-27T18:01:27.1994067Z   GitCommit:        b98a3aace656320842a23f4a392a33f46af97866
2025-10-27T18:01:27.1994364Z  runc:
2025-10-27T18:01:27.1994546Z   Version:          1.3.0
2025-10-27T18:01:27.1994774Z   GitCommit:        v1.3.0-0-g4ca628d1
2025-10-27T18:01:27.1995027Z  docker-init:
2025-10-27T18:01:27.1995214Z   Version:          0.19.0
2025-10-27T18:01:27.1995433Z   GitCommit:        de40ad0
2025-10-27T18:01:27.2041625Z [command]/usr/bin/docker info
2025-10-27T18:01:27.2539681Z Client: Docker Engine - Community
2025-10-27T18:01:27.2540400Z  Version:    28.0.4
2025-10-27T18:01:27.2540752Z  Context:    default
2025-10-27T18:01:27.2541132Z  Debug Mode: false
2025-10-27T18:01:27.2541454Z  Plugins:
2025-10-27T18:01:27.2541817Z   buildx: Docker Buildx (Docker Inc.)
2025-10-27T18:01:27.2542241Z     Version:  v0.28.0
2025-10-27T18:01:27.2542679Z     Path:     /usr/libexec/docker/cli-plugins/docker-buildx
2025-10-27T18:01:27.2543215Z   compose: Docker Compose (Docker Inc.)
2025-10-27T18:01:27.2543654Z     Version:  v2.38.2
2025-10-27T18:01:27.2544091Z     Path:     /usr/libexec/docker/cli-plugins/docker-compose
2025-10-27T18:01:27.2544465Z 
2025-10-27T18:01:27.2544588Z Server:
2025-10-27T18:01:27.2544874Z  Containers: 1
2025-10-27T18:01:27.2545183Z   Running: 1
2025-10-27T18:01:27.2545475Z   Paused: 0
2025-10-27T18:01:27.2545766Z   Stopped: 0
2025-10-27T18:01:27.2546059Z  Images: 1
2025-10-27T18:01:27.2546358Z  Server Version: 28.0.4
2025-10-27T18:01:27.2546721Z  Storage Driver: overlay2
2025-10-27T18:01:27.2547089Z   Backing Filesystem: extfs
2025-10-27T18:01:27.2547466Z   Supports d_type: true
2025-10-27T18:01:27.2547816Z   Using metacopy: false
2025-10-27T18:01:27.2548170Z   Native Overlay Diff: false
2025-10-27T18:01:27.2548884Z   userxattr: false
2025-10-27T18:01:27.2549236Z  Logging Driver: json-file
2025-10-27T18:01:27.2549607Z  Cgroup Driver: systemd
2025-10-27T18:01:27.2550166Z  Cgroup Version: 2
2025-10-27T18:01:27.2550474Z  Plugins:
2025-10-27T18:01:27.2550762Z   Volume: local
2025-10-27T18:01:27.2551139Z   Network: bridge host ipvlan macvlan null overlay
2025-10-27T18:01:27.2551786Z   Log: awslogs fluentd gcplogs gelf journald json-file local splunk syslog
2025-10-27T18:01:27.2552370Z  Swarm: inactive
2025-10-27T18:01:27.2552728Z  Runtimes: io.containerd.runc.v2 runc
2025-10-27T18:01:27.2553169Z  Default Runtime: runc
2025-10-27T18:01:27.2553535Z  Init Binary: docker-init
2025-10-27T18:01:27.2554036Z  containerd version: b98a3aace656320842a23f4a392a33f46af97866
2025-10-27T18:01:27.2554594Z  runc version: v1.3.0-0-g4ca628d1
2025-10-27T18:01:27.2555001Z  init version: de40ad0
2025-10-27T18:01:27.2555341Z  Security Options:
2025-10-27T18:01:27.2555639Z   apparmor
2025-10-27T18:01:27.2555929Z   seccomp
2025-10-27T18:01:27.2556235Z    Profile: builtin
2025-10-27T18:01:27.2556561Z   cgroupns
2025-10-27T18:01:27.2556759Z  Kernel Version: 6.11.0-1018-azure
2025-10-27T18:01:27.2557021Z  Operating System: Ubuntu 24.04.3 LTS
2025-10-27T18:01:27.2557399Z  OSType: linux
2025-10-27T18:01:27.2557608Z  Architecture: x86_64
2025-10-27T18:01:27.2557813Z  CPUs: 4
2025-10-27T18:01:27.2557994Z  Total Memory: 15.62GiB
2025-10-27T18:01:27.2558201Z  Name: runnervmwhb2z
2025-10-27T18:01:27.2558426Z  ID: ac1187db-1850-4397-a0f7-3b6e6ef293d6
2025-10-27T18:01:27.2558690Z  Docker Root Dir: /var/lib/docker
2025-10-27T18:01:27.2558926Z  Debug Mode: false
2025-10-27T18:01:27.2559126Z  Username: githubactions
2025-10-27T18:01:27.2559348Z  Experimental: false
2025-10-27T18:01:27.2559556Z  Insecure Registries:
2025-10-27T18:01:27.2560061Z   ::1/128
2025-10-27T18:01:27.2560371Z   127.0.0.0/8
2025-10-27T18:01:27.2560650Z  Live Restore Enabled: false
2025-10-27T18:01:27.2560878Z 
2025-10-27T18:01:27.2561233Z ##[endgroup]
2025-10-27T18:01:27.2561593Z ##[group]Proxy configuration
2025-10-27T18:01:27.2564882Z No proxy configuration found
2025-10-27T18:01:27.2565287Z ##[endgroup]
2025-10-27T18:01:27.3136515Z ##[group]Buildx version
2025-10-27T18:01:27.3165562Z [command]/usr/bin/docker buildx version
2025-10-27T18:01:27.3639436Z github.com/docker/buildx v0.28.0 b1281b81bba797b21d9eaf256e6a13eb14419836
2025-10-27T18:01:27.3673088Z ##[endgroup]
2025-10-27T18:01:27.3673498Z ##[group]Builder info
2025-10-27T18:01:27.4553196Z {
2025-10-27T18:01:27.4553598Z   "nodes": [
2025-10-27T18:01:27.4553936Z     {
2025-10-27T18:01:27.4554391Z       "name": "builder-a8b88038-653e-47d8-94d7-bad2ba9ca87a0",
2025-10-27T18:01:27.4555033Z       "endpoint": "unix:///var/run/docker.sock",
2025-10-27T18:01:27.4555553Z       "status": "running",
2025-10-27T18:01:27.4556433Z       "buildkitd-flags": "--allow-insecure-entitlement security.insecure --allow-insecure-entitlement network.host",
2025-10-27T18:01:27.4557390Z       "buildkit": "v0.25.1",
2025-10-27T18:01:27.4558002Z       "platforms": "linux/amd64,linux/amd64/v2,linux/amd64/v3,linux/386",
2025-10-27T18:01:27.4558612Z       "features": {
2025-10-27T18:01:27.4559156Z         "Automatically load images to the Docker Engine image store": true,
2025-10-27T18:01:27.4560071Z         "Cache export": true,
2025-10-27T18:01:27.4560521Z         "Direct push": true,
2025-10-27T18:01:27.4560951Z         "Docker exporter": true,
2025-10-27T18:01:27.4561398Z         "Multi-platform build": true,
2025-10-27T18:01:27.4561857Z         "OCI exporter": true
2025-10-27T18:01:27.4562246Z       },
2025-10-27T18:01:27.4562527Z       "labels": {
2025-10-27T18:01:27.4562961Z         "org.mobyproject.buildkit.worker.executor": "oci",
2025-10-27T18:01:27.4563668Z         "org.mobyproject.buildkit.worker.hostname": "aaa0f68aee17",
2025-10-27T18:01:27.4564368Z         "org.mobyproject.buildkit.worker.network": "host",
2025-10-27T18:01:27.4565103Z         "org.mobyproject.buildkit.worker.oci.process-mode": "sandbox",
2025-10-27T18:01:27.4566233Z         "org.mobyproject.buildkit.worker.selinux.enabled": "false",
2025-10-27T18:01:27.4566975Z         "org.mobyproject.buildkit.worker.snapshotter": "overlayfs"
2025-10-27T18:01:27.4567565Z       },
2025-10-27T18:01:27.4567872Z       "gcPolicy": [
2025-10-27T18:01:27.4568210Z         {
2025-10-27T18:01:27.4568501Z           "all": false,
2025-10-27T18:01:27.4568870Z           "filter": [
2025-10-27T18:01:27.4569258Z             "type==source.local",
2025-10-27T18:01:27.4569720Z             "type==exec.cachemount",
2025-10-27T18:01:27.4570407Z             "type==source.git.checkout"
2025-10-27T18:01:27.4570850Z           ],
2025-10-27T18:01:27.4571200Z           "keepDuration": "48h0m0s",
2025-10-27T18:01:27.4571654Z           "maxUsedSpace": "488.3MiB"
2025-10-27T18:01:27.4572082Z         },
2025-10-27T18:01:27.4572398Z         {
2025-10-27T18:01:27.4572716Z           "all": false,
2025-10-27T18:01:27.4573109Z           "keepDuration": "1440h0m0s",
2025-10-27T18:01:27.4573574Z           "reservedSpace": "7.451GiB",
2025-10-27T18:01:27.4574037Z           "maxUsedSpace": "54.02GiB",
2025-10-27T18:01:27.4574503Z           "minFreeSpace": "13.97GiB"
2025-10-27T18:01:27.4574935Z         },
2025-10-27T18:01:27.4575252Z         {
2025-10-27T18:01:27.4575577Z           "all": false,
2025-10-27T18:01:27.4575969Z           "reservedSpace": "7.451GiB",
2025-10-27T18:01:27.4576407Z           "maxUsedSpace": "54.02GiB",
2025-10-27T18:01:27.4576854Z           "minFreeSpace": "13.97GiB"
2025-10-27T18:01:27.4577266Z         },
2025-10-27T18:01:27.4577574Z         {
2025-10-27T18:01:27.4577889Z           "all": true,
2025-10-27T18:01:27.4578275Z           "reservedSpace": "7.451GiB",
2025-10-27T18:01:27.4578734Z           "maxUsedSpace": "54.02GiB",
2025-10-27T18:01:27.4579191Z           "minFreeSpace": "13.97GiB"
2025-10-27T18:01:27.4579613Z         }
2025-10-27T18:01:27.4580118Z       ]
2025-10-27T18:01:27.4580428Z     }
2025-10-27T18:01:27.4580729Z   ],
2025-10-27T18:01:27.4581146Z   "name": "builder-a8b88038-653e-47d8-94d7-bad2ba9ca87a",
2025-10-27T18:01:27.4581737Z   "driver": "docker-container",
2025-10-27T18:01:27.4582222Z   "lastActivity": "2025-10-27T18:01:19.000Z"
2025-10-27T18:01:27.4582663Z }
2025-10-27T18:01:27.4583311Z ##[endgroup]
2025-10-27T18:01:27.6075026Z [command]/usr/bin/docker buildx build --cache-from type=registry,ref=525896657660.dkr.ecr.us-west-2.amazonaws.com/better-chatbot:cache --cache-to type=registry,mode=max,image-manifest=true,oci-mediatypes=true,ref=525896657660.dkr.ecr.us-west-2.amazonaws.com/better-chatbot:cache --file docker/Dockerfile --iidfile /home/runner/work/_temp/docker-actions-toolkit-FtyKo0/build-iidfile-e41c385231.txt --platform linux/arm64 --attest type=provenance,mode=max,builder-id=https://github.com/osmind-development-org/better-chatbot/actions/runs/18851039033/attempts/1 --tag 525896657660.dkr.ecr.us-west-2.amazonaws.com/better-chatbot:380e4a5 --tag 525896657660.dkr.ecr.us-west-2.amazonaws.com/better-chatbot:1.24.0-380e4a5 --tag 525896657660.dkr.ecr.us-west-2.amazonaws.com/better-chatbot:latest --metadata-file /home/runner/work/_temp/docker-actions-toolkit-FtyKo0/build-metadata-e79ef7408f.json --push .
2025-10-27T18:01:27.8868116Z #0 building with "builder-a8b88038-653e-47d8-94d7-bad2ba9ca87a" instance using docker-container driver
2025-10-27T18:01:27.8868602Z 
2025-10-27T18:01:27.8868744Z #1 [internal] load build definition from Dockerfile
2025-10-27T18:01:27.8869090Z #1 transferring dockerfile: 2.05kB done
2025-10-27T18:01:27.8869352Z #1 DONE 0.0s
2025-10-27T18:01:27.8869472Z 
2025-10-27T18:01:27.8869717Z #2 resolve image config for docker-image://docker.io/docker/dockerfile:1.4
2025-10-27T18:01:28.1015721Z #2 ...
2025-10-27T18:01:28.1015976Z 
2025-10-27T18:01:28.1016265Z #3 [auth] docker/dockerfile:pull token for registry-1.docker.io
2025-10-27T18:01:28.1017007Z #3 DONE 0.0s
2025-10-27T18:01:28.2508444Z 
2025-10-27T18:01:28.2509131Z #2 resolve image config for docker-image://docker.io/docker/dockerfile:1.4
2025-10-27T18:01:28.6754920Z #2 DONE 0.9s
2025-10-27T18:01:28.8355715Z 
2025-10-27T18:01:28.8356826Z #4 docker-image://docker.io/docker/dockerfile:1.4@sha256:9ba7531bd80fb0a858632727cf7a112fbfd19b17e94c4e84ced81e24ef1a0dbc
2025-10-27T18:01:28.8357806Z #4 resolve docker.io/docker/dockerfile:1.4@sha256:9ba7531bd80fb0a858632727cf7a112fbfd19b17e94c4e84ced81e24ef1a0dbc done
2025-10-27T18:01:28.8390548Z #4 sha256:1328b32c40fca9bcf9d70d8eccb72eb873d1124d72dadce04db8badbe7b08546 1.05MB / 9.94MB 0.2s
2025-10-27T18:01:28.9877048Z #4 sha256:1328b32c40fca9bcf9d70d8eccb72eb873d1124d72dadce04db8badbe7b08546 9.44MB / 9.94MB 0.3s
2025-10-27T18:01:29.1442761Z #4 sha256:1328b32c40fca9bcf9d70d8eccb72eb873d1124d72dadce04db8badbe7b08546 9.94MB / 9.94MB 0.3s done
2025-10-27T18:01:29.1444000Z #4 extracting sha256:1328b32c40fca9bcf9d70d8eccb72eb873d1124d72dadce04db8badbe7b08546 0.1s done
2025-10-27T18:01:29.1444767Z #4 DONE 0.4s
2025-10-27T18:01:29.3732344Z 
2025-10-27T18:01:29.3732834Z #5 [internal] load .dockerignore
2025-10-27T18:01:29.3734051Z #5 transferring context: 617B done
2025-10-27T18:01:29.3734401Z #5 DONE 0.0s
2025-10-27T18:01:29.3734574Z 
2025-10-27T18:01:29.3734783Z #6 [auth] library/node:pull token for registry-1.docker.io
2025-10-27T18:01:29.3735171Z #6 DONE 0.0s
2025-10-27T18:01:29.3735309Z 
2025-10-27T18:01:29.3735517Z #7 [internal] load metadata for docker.io/library/node:24-alpine
2025-10-27T18:01:29.7388958Z #7 DONE 0.6s
2025-10-27T18:01:29.8547541Z 
2025-10-27T18:01:29.8548618Z #8 [internal] load build context
2025-10-27T18:01:29.8549138Z #8 DONE 0.0s
2025-10-27T18:01:29.8549356Z 
2025-10-27T18:01:29.8550371Z #9 [base 1/2] FROM docker.io/library/node:24-alpine@sha256:775ba24d35a13e74dedce1d2af4ad510337b68d8e22be89e0ce2ccc299329083
2025-10-27T18:01:29.8551984Z #9 resolve docker.io/library/node:24-alpine@sha256:775ba24d35a13e74dedce1d2af4ad510337b68d8e22be89e0ce2ccc299329083 done
2025-10-27T18:01:29.8552937Z #9 DONE 0.0s
2025-10-27T18:01:29.8553289Z 
2025-10-27T18:01:29.8554162Z #10 [auth] sharing credentials for 525896657660.dkr.ecr.us-west-2.amazonaws.com
2025-10-27T18:01:30.0051853Z #10 DONE 0.0s
2025-10-27T18:01:30.0052073Z 
2025-10-27T18:01:30.0052396Z #11 importing cache manifest from 525896657660.dkr.ecr.us-west-2.amazonaws.com/better-chatbot:cache
2025-10-27T18:01:30.0498130Z #11 inferred cache manifest type: application/vnd.oci.image.manifest.v1+json done
2025-10-27T18:01:30.2128970Z #11 DONE 0.5s
2025-10-27T18:01:30.3196167Z 
2025-10-27T18:01:30.3196914Z #8 [internal] load build context
2025-10-27T18:01:30.5338489Z #8 transferring context: 3.36MB 0.1s done
2025-10-27T18:01:30.5339113Z #8 DONE 0.1s
2025-10-27T18:01:30.5339347Z 
2025-10-27T18:01:30.5339618Z #12 [builder  2/10] COPY --from=deps /app/node_modules ./node_modules
2025-10-27T18:01:30.5340323Z #12 CACHED
2025-10-27T18:01:30.5340479Z 
2025-10-27T18:01:30.5340591Z #13 [deps 1/3] WORKDIR /app
2025-10-27T18:01:30.5340893Z #13 CACHED
2025-10-27T18:01:30.5341127Z 
2025-10-27T18:01:30.5341347Z #14 [builder  4/10] COPY next.config.ts tsconfig.json biome.json ./
2025-10-27T18:01:30.5341809Z #14 CACHED
2025-10-27T18:01:30.5342010Z 
2025-10-27T18:01:30.5342170Z #15 [base 2/2] RUN corepack enable pnpm
2025-10-27T18:01:30.5342500Z #15 CACHED
2025-10-27T18:01:30.5342686Z 
2025-10-27T18:01:30.5342904Z #16 [builder  3/10] COPY package.json pnpm-lock.yaml ./
2025-10-27T18:01:30.5343491Z #16 CACHED
2025-10-27T18:01:30.5343694Z 
2025-10-27T18:01:30.5344245Z #17 [deps 3/3] RUN --mount=type=cache,id=pnpm,target=/root/.local/share/pnpm/store     pnpm install --frozen-lockfile --production=false --ignore-scripts
2025-10-27T18:01:30.5345100Z #17 CACHED
2025-10-27T18:01:30.5345315Z 
2025-10-27T18:01:30.5345444Z #18 [builder  5/10] COPY postcss.config.mjs ./
2025-10-27T18:01:30.5345740Z #18 CACHED
2025-10-27T18:01:30.5345855Z 
2025-10-27T18:01:30.5346040Z #19 [deps 2/3] COPY package.json pnpm-lock.yaml ./
2025-10-27T18:01:30.5346384Z #19 CACHED
2025-10-27T18:01:30.5346498Z 
2025-10-27T18:01:30.5346653Z #20 [builder  6/10] COPY components.json drizzle.config.ts ./
2025-10-27T18:01:30.5347264Z #20 sha256:c54ca65095a174c701bdf7f6f470399af49868a1fb97f79e937c22878b674d18 579B / 579B 0.1s done
2025-10-27T18:01:30.6509156Z #20 sha256:b1ad4485f71849924a9a2cd169aa32242138f911dc72179e6353c3af690c448d 213B / 213B 0.2s done
2025-10-27T18:01:30.6510660Z #20 sha256:d8e55521ec95104cc21a5590844e29e5a262bcc1714347046cbf7d2473ee419b 0B / 331.52MB 0.2s
2025-10-27T18:01:30.6511730Z #20 sha256:228532b461b16e04dfcc11c110d9023d03091fc67f7718ee24a95430439cada6 1.69kB / 1.69kB 0.2s done
2025-10-27T18:01:30.7955478Z #20 sha256:3970bd366071fdd4e7b30636a6f49f821fbe16ccf3c425aff654d34123451fcf 139.37kB / 139.37kB 0.2s done
2025-10-27T18:01:30.7956932Z #20 sha256:9aaf1e89e67964ca25ae3cb7f4330e0e1894096d8d030c9d05e9b25d350f7502 93B / 93B 0.1s done
2025-10-27T18:01:30.7959621Z #20 sha256:59aa8eb5b4f3225b373a5705826af0fd442e3ebafa2d1eae3bfa5f6313b056de 57.81kB / 57.81kB 0.1s done
2025-10-27T18:01:30.9458977Z #20 sha256:5221c7306c88d64867c441cfcd6331531a0e29fa6d75e526f1e7269b8d63f1a3 445B / 445B 0.1s done
2025-10-27T18:01:30.9460490Z #20 sha256:8500d8664e8e884cf6805c56aa045c43f85f2f2f34fd8cd097c443b55b75e2a0 0B / 1.26MB 0.2s
2025-10-27T18:01:30.9461261Z #20 sha256:e3074d9ac80573b6d8fb9fdf57dd0b481d8d5f0dde78ebd3d3471a5460b62c46 0B / 53.38MB 0.2s
2025-10-27T18:01:31.0979204Z #20 sha256:d8e55521ec95104cc21a5590844e29e5a262bcc1714347046cbf7d2473ee419b 19.92MB / 331.52MB 0.6s
2025-10-27T18:01:31.0980344Z #20 sha256:8500d8664e8e884cf6805c56aa045c43f85f2f2f34fd8cd097c443b55b75e2a0 1.26MB / 1.26MB 0.2s done
2025-10-27T18:01:31.0980996Z #20 sha256:6b59a28fa20117e6048ad0616b8d8c901877ef15ff4c7f18db04e4f01f43bc39 0B / 4.14MB 0.2s
2025-10-27T18:01:31.2450214Z #20 sha256:d8e55521ec95104cc21a5590844e29e5a262bcc1714347046cbf7d2473ee419b 38.80MB / 331.52MB 0.8s
2025-10-27T18:01:31.2451459Z #20 sha256:e3074d9ac80573b6d8fb9fdf57dd0b481d8d5f0dde78ebd3d3471a5460b62c46 15.73MB / 53.38MB 0.5s
2025-10-27T18:01:31.2452645Z #20 sha256:6b59a28fa20117e6048ad0616b8d8c901877ef15ff4c7f18db04e4f01f43bc39 4.14MB / 4.14MB 0.3s done
2025-10-27T18:01:31.2453751Z #20 extracting sha256:6b59a28fa20117e6048ad0616b8d8c901877ef15ff4c7f18db04e4f01f43bc39
2025-10-27T18:01:31.3949479Z #20 sha256:e3074d9ac80573b6d8fb9fdf57dd0b481d8d5f0dde78ebd3d3471a5460b62c46 33.55MB / 53.38MB 0.6s
2025-10-27T18:01:31.3951255Z #20 extracting sha256:6b59a28fa20117e6048ad0616b8d8c901877ef15ff4c7f18db04e4f01f43bc39 0.1s done
2025-10-27T18:01:31.5453209Z #20 sha256:d8e55521ec95104cc21a5590844e29e5a262bcc1714347046cbf7d2473ee419b 61.87MB / 331.52MB 1.1s
2025-10-27T18:01:31.5454019Z #20 sha256:e3074d9ac80573b6d8fb9fdf57dd0b481d8d5f0dde78ebd3d3471a5460b62c46 49.28MB / 53.38MB 0.8s
2025-10-27T18:01:31.6680255Z #20 sha256:e3074d9ac80573b6d8fb9fdf57dd0b481d8d5f0dde78ebd3d3471a5460b62c46 53.38MB / 53.38MB 0.9s done
2025-10-27T18:01:31.9148260Z #20 sha256:d8e55521ec95104cc21a5590844e29e5a262bcc1714347046cbf7d2473ee419b 82.84MB / 331.52MB 1.5s
2025-10-27T18:01:31.9150862Z #20 extracting sha256:e3074d9ac80573b6d8fb9fdf57dd0b481d8d5f0dde78ebd3d3471a5460b62c46
2025-10-27T18:01:32.0647298Z #20 sha256:d8e55521ec95104cc21a5590844e29e5a262bcc1714347046cbf7d2473ee419b 102.76MB / 331.52MB 1.7s
2025-10-27T18:01:32.3643287Z #20 sha256:d8e55521ec95104cc21a5590844e29e5a262bcc1714347046cbf7d2473ee419b 124.78MB / 331.52MB 2.0s
2025-10-27T18:01:32.6643283Z #20 sha256:d8e55521ec95104cc21a5590844e29e5a262bcc1714347046cbf7d2473ee419b 142.61MB / 331.52MB 2.3s
2025-10-27T18:01:32.7791016Z #20 extracting sha256:e3074d9ac80573b6d8fb9fdf57dd0b481d8d5f0dde78ebd3d3471a5460b62c46 1.1s done
2025-10-27T18:01:32.7792200Z #20 extracting sha256:8500d8664e8e884cf6805c56aa045c43f85f2f2f34fd8cd097c443b55b75e2a0 0.0s done
2025-10-27T18:01:32.9651473Z #20 extracting sha256:5221c7306c88d64867c441cfcd6331531a0e29fa6d75e526f1e7269b8d63f1a3 done
2025-10-27T18:01:32.9652614Z #20 extracting sha256:59aa8eb5b4f3225b373a5705826af0fd442e3ebafa2d1eae3bfa5f6313b056de done
2025-10-27T18:01:32.9653668Z #20 extracting sha256:9aaf1e89e67964ca25ae3cb7f4330e0e1894096d8d030c9d05e9b25d350f7502 done
2025-10-27T18:01:32.9654751Z #20 sha256:d8e55521ec95104cc21a5590844e29e5a262bcc1714347046cbf7d2473ee419b 163.58MB / 331.52MB 2.6s
2025-10-27T18:01:33.2649363Z #20 sha256:d8e55521ec95104cc21a5590844e29e5a262bcc1714347046cbf7d2473ee419b 181.40MB / 331.52MB 2.9s
2025-10-27T18:01:33.8649271Z #20 sha256:d8e55521ec95104cc21a5590844e29e5a262bcc1714347046cbf7d2473ee419b 205.52MB / 331.52MB 3.5s
2025-10-27T18:01:34.1649113Z #20 sha256:d8e55521ec95104cc21a5590844e29e5a262bcc1714347046cbf7d2473ee419b 226.49MB / 331.52MB 3.8s
2025-10-27T18:01:34.3156866Z #20 sha256:d8e55521ec95104cc21a5590844e29e5a262bcc1714347046cbf7d2473ee419b 243.27MB / 331.52MB 3.9s
2025-10-27T18:01:34.6150391Z #20 sha256:d8e55521ec95104cc21a5590844e29e5a262bcc1714347046cbf7d2473ee419b 271.58MB / 331.52MB 4.2s
2025-10-27T18:01:34.7672281Z #20 sha256:d8e55521ec95104cc21a5590844e29e5a262bcc1714347046cbf7d2473ee419b 289.41MB / 331.52MB 4.4s
2025-10-27T18:01:35.0646621Z #20 sha256:d8e55521ec95104cc21a5590844e29e5a262bcc1714347046cbf7d2473ee419b 313.52MB / 331.52MB 4.7s
2025-10-27T18:01:35.3646655Z #20 sha256:d8e55521ec95104cc21a5590844e29e5a262bcc1714347046cbf7d2473ee419b 331.52MB / 331.52MB 5.0s
2025-10-27T18:01:35.8095681Z #20 sha256:d8e55521ec95104cc21a5590844e29e5a262bcc1714347046cbf7d2473ee419b 331.52MB / 331.52MB 5.4s done
2025-10-27T18:01:35.8096375Z #20 DONE 5.5s
2025-10-27T18:01:35.9615212Z 
2025-10-27T18:01:35.9615825Z #20 [builder  6/10] COPY components.json drizzle.config.ts ./
2025-10-27T18:01:35.9616518Z #20 extracting sha256:d8e55521ec95104cc21a5590844e29e5a262bcc1714347046cbf7d2473ee419b
2025-10-27T18:01:49.7211076Z #20 extracting sha256:d8e55521ec95104cc21a5590844e29e5a262bcc1714347046cbf7d2473ee419b 13.9s done
2025-10-27T18:01:49.7211709Z #20 DONE 19.4s
2025-10-27T18:01:49.8897478Z 
2025-10-27T18:01:49.8898043Z #20 [builder  6/10] COPY components.json drizzle.config.ts ./
2025-10-27T18:01:49.8898821Z #20 extracting sha256:3970bd366071fdd4e7b30636a6f49f821fbe16ccf3c425aff654d34123451fcf done
2025-10-27T18:01:49.8899471Z #20 extracting sha256:228532b461b16e04dfcc11c110d9023d03091fc67f7718ee24a95430439cada6 done
2025-10-27T18:01:49.8900310Z #20 extracting sha256:b1ad4485f71849924a9a2cd169aa32242138f911dc72179e6353c3af690c448d done
2025-10-27T18:01:49.8900927Z #20 extracting sha256:c54ca65095a174c701bdf7f6f470399af49868a1fb97f79e937c22878b674d18 done
2025-10-27T18:01:49.8901359Z #20 DONE 19.4s
2025-10-27T18:01:49.8901835Z 
2025-10-27T18:01:49.8901945Z #21 [builder  7/10] COPY src ./src
2025-10-27T18:01:53.1500225Z #21 DONE 3.4s
2025-10-27T18:01:53.3268455Z 
2025-10-27T18:01:53.3269272Z #22 [builder  8/10] COPY messages ./messages
2025-10-27T18:01:53.3269685Z #22 DONE 0.0s
2025-10-27T18:01:53.3270195Z 
2025-10-27T18:01:53.3270371Z #23 [builder  9/10] COPY public ./public
2025-10-27T18:01:53.3270663Z #23 DONE 0.0s
2025-10-27T18:01:53.3270780Z 
2025-10-27T18:01:53.3271040Z #24 [builder 10/10] RUN --mount=type=cache,id=nextjs,target=/app/.next/cache     pnpm build
2025-10-27T18:01:54.8486348Z #24 1.672 ! Corepack is about to download https://registry.npmjs.org/pnpm/-/pnpm-10.18.0.tgz
2025-10-27T18:02:05.1970726Z #24 12.02 
2025-10-27T18:02:05.1971176Z #24 12.02 > better-chatbot@1.24.0 build /app
2025-10-27T18:02:05.1971672Z #24 12.02 > next build
2025-10-27T18:02:05.1972003Z #24 12.02 
2025-10-27T18:02:15.3294177Z #24 22.15 Attention: Next.js now collects completely anonymous telemetry regarding usage.
2025-10-27T18:02:15.4844196Z #24 22.16 This information is used to shape Next.js' roadmap and prioritize features.
2025-10-27T18:02:15.4845432Z #24 22.16 You can learn more, including how to opt-out if you'd not like to participate in this anonymous program, by visiting the following URL:
2025-10-27T18:02:15.4846400Z #24 22.16 https://nextjs.org/telemetry
2025-10-27T18:02:15.4846863Z #24 22.16 
2025-10-27T18:02:16.4775579Z #24 23.30    ▲ Next.js 15.3.2
2025-10-27T18:02:16.6373438Z #24 23.31    - Experiments (use with caution):
2025-10-27T18:02:16.6374530Z #24 23.31      ✓ authInterrupts
2025-10-27T18:02:16.6374925Z #24 23.31 
2025-10-27T18:02:17.1848461Z #24 24.01    Creating an optimized production build ...
2025-10-27T18:15:23.9320571Z #24 810.8  ⚠ Compiled with warnings in 13.1min
2025-10-27T18:15:23.9321104Z #24 810.8 
2025-10-27T18:15:24.0662669Z #24 810.8 ./node_modules/.pnpm/better-auth@1.3.26_next@15.3.2_@opentelemetry+api@1.9.0_@playwright+test@1.55.1_react-d_a939376decce03d4ff54f22895e95064/node_modules/better-auth/dist/shared/better-auth.DgGir396.mjs
2025-10-27T18:15:24.0663767Z #24 810.8 A Node.js API is used (process.platform at line: 74) which is not supported in the Edge Runtime.
2025-10-27T18:15:24.0664322Z #24 810.8 Learn more: https://nextjs.org/docs/api-reference/edge-runtime
2025-10-27T18:15:24.0664669Z #24 810.8 
2025-10-27T18:15:24.0664879Z #24 810.8 Import trace for requested module:
2025-10-27T18:15:24.0665669Z #24 810.8 ./node_modules/.pnpm/better-auth@1.3.26_next@15.3.2_@opentelemetry+api@1.9.0_@playwright+test@1.55.1_react-d_a939376decce03d4ff54f22895e95064/node_modules/better-auth/dist/shared/better-auth.DgGir396.mjs
2025-10-27T18:15:24.0666864Z #24 810.8 ./node_modules/.pnpm/better-auth@1.3.26_next@15.3.2_@opentelemetry+api@1.9.0_@playwright+test@1.55.1_react-d_a939376decce03d4ff54f22895e95064/node_modules/better-auth/dist/cookies/index.mjs
2025-10-27T18:15:24.0667551Z #24 810.8 
2025-10-27T18:15:24.0667780Z #24 810.9    Linting and checking validity of types ...
2025-10-27T18:19:49.4590515Z #24 1076.3    Collecting page data ...
2025-10-27T18:20:01.4510148Z #24 1088.3 2025-10-27T18:20:01.426Z ERROR [Better Auth]: You are using the default secret. Please set `BETTER_AUTH_SECRET` in your environment variables or pass `secret` in your auth config.
2025-10-27T18:20:01.9961835Z #24 1088.8 2025-10-27T18:20:01.964Z ERROR [Better Auth]: You are using the default secret. Please set `BETTER_AUTH_SECRET` in your environment variables or pass `secret` in your auth config.
2025-10-27T18:20:04.1469675Z #24 1091.0 2025-10-27T18:20:04.113Z ERROR [Better Auth]: You are using the default secret. Please set `BETTER_AUTH_SECRET` in your environment variables or pass `secret` in your auth config.
2025-10-27T18:20:07.4524229Z #24 1094.3 
2025-10-27T18:20:07.4525050Z #24 1094.3 [ozzie:s3-file-storage]  WARN  FILE_STORAGE_S3_BUCKET not set. S3 storage will fail until configured.
2025-10-27T18:20:07.4525835Z #24 1094.3 
2025-10-27T18:20:07.5588485Z #24 1094.3 
2025-10-27T18:20:07.5590964Z #24 1094.3 [ozzie:s3-file-storage]  WARN  FILE_STORAGE_S3_BUCKET not set. S3 storage will fail until configured.
2025-10-27T18:20:07.5593383Z #24 1094.3 
2025-10-27T18:20:07.5593693Z #24 1094.4 
2025-10-27T18:20:07.5594354Z #24 1094.4 [ozzie:s3-file-storage]  WARN  FILE_STORAGE_S3_BUCKET not set. S3 storage will fail until configured.
2025-10-27T18:20:07.5595084Z #24 1094.4 
2025-10-27T18:20:07.5595778Z #24 1094.4 [ozzie] ℹ Creating file storage: vercel-blob
2025-10-27T18:20:07.7928739Z #24 1094.6 [ozzie] ℹ Creating file storage: vercel-blob
2025-10-27T18:20:07.9616596Z #24 1094.8 [ozzie] ℹ Creating file storage: vercel-blob
2025-10-27T18:21:51.5575874Z #24 1198.4    Generating static pages (0/31) ...
2025-10-27T18:22:04.3424659Z #24 1211.2 2025-10-27T18:22:02.295Z ERROR [Better Auth]: You are using the default secret. Please set `BETTER_AUTH_SECRET` in your environment variables or pass `secret` in your auth config.
2025-10-27T18:22:04.9680365Z #24 1211.8 2025-10-27T18:22:04.445Z ERROR [Better Auth]: You are using the default secret. Please set `BETTER_AUTH_SECRET` in your environment variables or pass `secret` in your auth config.
2025-10-27T18:22:05.1261383Z #24 1211.8    Generating static pages (7/31) 
2025-10-27T18:22:05.1261893Z #24 1211.8 
2025-10-27T18:22:05.1262574Z #24 1211.8 [ozzie:s3-file-storage]  WARN  FILE_STORAGE_S3_BUCKET not set. S3 storage will fail until configured.
2025-10-27T18:22:05.1263238Z #24 1211.8 
2025-10-27T18:22:05.1263855Z #24 1211.8 [ozzie] ℹ Creating file storage: vercel-blob
2025-10-27T18:22:07.9220380Z #24 1214.7    Generating static pages (15/31) 
2025-10-27T18:22:09.6076280Z #24 1216.4    Generating static pages (23/31) 
2025-10-27T18:22:14.8754425Z #24 1221.7  ✓ Generating static pages (31/31)
2025-10-27T18:22:15.0342995Z #24 1221.7 
2025-10-27T18:22:15.0346167Z #24 1221.7 [ozzie]  ERROR  Error checking if first user: getaddrinfo ENOTFOUND base
2025-10-27T18:22:15.0346918Z #24 1221.7 
2025-10-27T18:22:15.0347533Z #24 1221.7     at node_modules/.pnpm/pg-pool@3.10.1_pg@8.16.3/node_modules/pg-pool/index.js:45:11
2025-10-27T18:22:15.0348556Z #24 1221.7     at process.processTicksAndRejections (node:internal/process/task_queues:105:5)
2025-10-27T18:22:15.0349364Z #24 1221.7     at async .next/server/chunks/7882.js:1:45150
2025-10-27T18:22:15.0350314Z #24 1221.7     at async Object.getUserCount (.next/server/chunks/8968.js:6:114)
2025-10-27T18:22:15.0351015Z #24 1221.7     at async C (.next/server/chunks/2555.js:1:1572)
2025-10-27T18:22:15.0351698Z #24 1221.7     at async l (.next/server/app/(auth)/sign-up/email/page.js:1:12214)
2025-10-27T18:22:15.0352289Z #24 1221.7 
2025-10-27T18:22:15.0352581Z #24 1221.7 
2025-10-27T18:22:15.0353105Z #24 1221.7 [ozzie]  ERROR  Error checking if first user: getaddrinfo ENOTFOUND base
2025-10-27T18:22:15.0353711Z #24 1221.7 
2025-10-27T18:22:15.0354276Z #24 1221.7     at node_modules/.pnpm/pg-pool@3.10.1_pg@8.16.3/node_modules/pg-pool/index.js:45:11
2025-10-27T18:22:15.0355254Z #24 1221.7     at process.processTicksAndRejections (node:internal/process/task_queues:105:5)
2025-10-27T18:22:15.0356081Z #24 1221.7     at async .next/server/chunks/7882.js:1:45150
2025-10-27T18:22:15.0356745Z #24 1221.7     at async Object.getUserCount (.next/server/chunks/8968.js:6:114)
2025-10-27T18:22:15.0357428Z #24 1221.7     at async C (.next/server/chunks/2555.js:1:1572)
2025-10-27T18:22:15.0358062Z #24 1221.7     at async u (.next/server/app/(auth)/sign-in/page.js:9:8992)
2025-10-27T18:22:15.0358612Z #24 1221.7 
2025-10-27T18:22:25.6307428Z #24 1232.5    Finalizing page optimization ...
2025-10-27T18:22:25.7854716Z #24 1232.5    Collecting build traces ...
2025-10-27T18:25:53.6451279Z #24 1440.5 
2025-10-27T18:25:53.8661501Z #24 1440.7 Route (app)                                          Size  First Load JS
2025-10-27T18:25:53.8666111Z #24 1440.7 ┌ ƒ /                                               215 B         494 kB
2025-10-27T18:25:53.8666772Z #24 1440.7 ├ ƒ /_not-found                                     982 B         116 kB
2025-10-27T18:25:53.8667322Z #24 1440.7 ├ ƒ /admin/users                                  10.8 kB         245 kB
2025-10-27T18:25:53.8668395Z #24 1440.7 ├ ƒ /admin/users/[id]                             8.93 kB         460 kB
2025-10-27T18:25:53.8669462Z #24 1440.7 ├ ƒ /agent/[id]                                   29.8 kB         536 kB
2025-10-27T18:25:53.8671229Z #24 1440.7 ├ ƒ /agents                                       6.53 kB         318 kB
2025-10-27T18:25:53.8672098Z #24 1440.7 ├ ƒ /api/agent                                      256 B         115 kB
2025-10-27T18:25:53.8672940Z #24 1440.7 ├ ƒ /api/agent/[id]                                 256 B         115 kB
2025-10-27T18:25:53.8673774Z #24 1440.7 ├ ƒ /api/agent/ai                                   256 B         115 kB
2025-10-27T18:25:53.8674630Z #24 1440.7 ├ ƒ /api/archive                                    256 B         115 kB
2025-10-27T18:25:53.8675331Z #24 1440.7 ├ ƒ /api/archive/[id]                               256 B         115 kB
2025-10-27T18:25:53.8675949Z #24 1440.7 ├ ƒ /api/archive/[id]/items                         256 B         115 kB
2025-10-27T18:25:53.8676559Z #24 1440.7 ├ ƒ /api/archive/[id]/items/[itemId]                256 B         115 kB
2025-10-27T18:25:53.8677022Z #24 1440.7 ├ ƒ /api/auth/[...all]                              256 B         115 kB
2025-10-27T18:25:53.8677579Z #24 1440.7 ├ ƒ /api/auth/error                               4.52 kB         136 kB
2025-10-27T18:25:53.8678069Z #24 1440.7 ├ ƒ /api/bookmark                                   256 B         115 kB
2025-10-27T18:25:53.8678562Z #24 1440.7 ├ ƒ /api/chat                                       256 B         115 kB
2025-10-27T18:25:53.8679118Z #24 1440.7 ├ ƒ /api/chat/export                                256 B         115 kB
2025-10-27T18:25:53.8679572Z #24 1440.7 ├ ƒ /api/chat/models                                256 B         115 kB
2025-10-27T18:25:53.8680646Z #24 1440.7 ├ ƒ /api/chat/openai-realtime                       256 B         115 kB
2025-10-27T18:25:53.8681231Z #24 1440.7 ├ ƒ /api/chat/temporary                             256 B         115 kB
2025-10-27T18:25:53.8681831Z #24 1440.7 ├ ƒ /api/chat/title                                 256 B         115 kB
2025-10-27T18:25:53.8682351Z #24 1440.7 ├ ƒ /api/export                                     256 B         115 kB
2025-10-27T18:25:53.8682821Z #24 1440.7 ├ ƒ /api/export/[id]                                256 B         115 kB
2025-10-27T18:25:53.8683389Z #24 1440.7 ├ ƒ /api/export/[id]/comments                       256 B         115 kB
2025-10-27T18:25:53.8683895Z #24 1440.7 ├ ƒ /api/export/[id]/comments/[commentId]           256 B         115 kB
2025-10-27T18:25:53.8684430Z #24 1440.7 ├ ƒ /api/mcp                                        256 B         115 kB
2025-10-27T18:25:53.8684958Z #24 1440.7 ├ ƒ /api/mcp/[id]                                   256 B         115 kB
2025-10-27T18:25:53.8685393Z #24 1440.7 ├ ƒ /api/mcp/list                                   256 B         115 kB
2025-10-27T18:25:53.8685979Z #24 1440.7 ├ ƒ /api/mcp/oauth/callback                         256 B         115 kB
2025-10-27T18:25:53.8686604Z #24 1440.7 ├ ƒ /api/mcp/server-customizations/[server]         256 B         115 kB
2025-10-27T18:25:53.8687119Z #24 1440.7 ├ ƒ /api/mcp/tool-customizations/[server]           256 B         115 kB
2025-10-27T18:25:53.8687750Z #24 1440.7 ├ ƒ /api/mcp/tool-customizations/[server]/[tool]    256 B         115 kB
2025-10-27T18:25:53.8688370Z #24 1440.7 ├ ƒ /api/storage/confirm-upload                     256 B         115 kB
2025-10-27T18:25:53.8688890Z #24 1440.7 ├ ƒ /api/storage/upload                             256 B         115 kB
2025-10-27T18:25:53.8689440Z #24 1440.7 ├ ƒ /api/storage/upload-url                         256 B         115 kB
2025-10-27T18:25:53.8690138Z #24 1440.7 ├ ƒ /api/thread                                     256 B         115 kB
2025-10-27T18:25:53.8690696Z #24 1440.7 ├ ƒ /api/user/details                               256 B         115 kB
2025-10-27T18:25:53.8691173Z #24 1440.7 ├ ƒ /api/user/details/[id]                          256 B         115 kB
2025-10-27T18:25:53.8691956Z #24 1440.7 ├ ƒ /api/user/preferences                           256 B         115 kB
2025-10-27T18:25:53.8692545Z #24 1440.7 ├ ƒ /api/workflow                                   256 B         115 kB
2025-10-27T18:25:53.8692986Z #24 1440.7 ├ ƒ /api/workflow/[id]                              256 B         115 kB
2025-10-27T18:25:53.8693567Z #24 1440.7 ├ ƒ /api/workflow/[id]/execute                      256 B         115 kB
2025-10-27T18:25:53.8694163Z #24 1440.7 ├ ƒ /api/workflow/[id]/structure                    256 B         115 kB
2025-10-27T18:25:53.8694643Z #24 1440.7 ├ ƒ /api/workflow/tools                             256 B         115 kB
2025-10-27T18:25:53.8695217Z #24 1440.7 ├ ƒ /archive/[id]                                 10.8 kB         244 kB
2025-10-27T18:25:53.8695772Z #24 1440.7 ├ ƒ /chat/[thread]                                  215 B         494 kB
2025-10-27T18:25:53.8696210Z #24 1440.7 ├ ƒ /export/[id]                                  31.4 kB         575 kB
2025-10-27T18:25:53.8696737Z #24 1440.7 ├ ƒ /mcp                                          27.2 kB         279 kB
2025-10-27T18:25:53.8697139Z #24 1440.7 ├ ƒ /mcp/create                                     907 B         215 kB
2025-10-27T18:25:53.8697688Z #24 1440.7 ├ ƒ /mcp/modify/[id]                                208 B         214 kB
2025-10-27T18:25:53.8698220Z #24 1440.7 ├ ƒ /mcp/test/[id]                                  20 kB         264 kB
2025-10-27T18:25:53.8698639Z #24 1440.7 ├ ƒ /sign-in                                      2.92 kB         218 kB
2025-10-27T18:25:53.8699427Z #24 1440.7 ├ ƒ /sign-up                                      1.19 kB         216 kB
2025-10-27T18:25:53.8700432Z #24 1440.7 ├ ƒ /sign-up/email                                7.45 kB         206 kB
2025-10-27T18:25:53.8701522Z #24 1440.7 ├ ƒ /workflow                                     17.3 kB         389 kB
2025-10-27T18:25:53.8702390Z #24 1440.7 └ ƒ /workflow/[id]                                 101 kB         676 kB
2025-10-27T18:25:53.8703131Z #24 1440.7 + First Load JS shared by all                      115 kB
2025-10-27T18:25:53.8703941Z #24 1440.7   ├ chunks/7593-17045fc383e56bcf.js               46.8 kB
2025-10-27T18:25:53.8704772Z #24 1440.7   ├ chunks/a6f5e0ad-79ed5509ad5b5c73.js           63.1 kB
2025-10-27T18:25:53.8705607Z #24 1440.7   └ other shared chunks (total)                   5.24 kB
2025-10-27T18:25:53.8706156Z #24 1440.7 
2025-10-27T18:25:53.8706445Z #24 1440.7 
2025-10-27T18:25:53.8707000Z #24 1440.7 ƒ Middleware                                      34.9 kB
2025-10-27T18:25:54.0215389Z #24 1440.7 
2025-10-27T18:25:54.0215944Z #24 1440.7 ƒ  (Dynamic)  server-rendered on demand
2025-10-27T18:25:54.0216267Z #24 1440.7 
2025-10-27T18:25:54.2455569Z #24 DONE 1441.1s
2025-10-27T18:25:55.9576922Z 
2025-10-27T18:25:55.9577890Z #25 [runner 2/6] RUN addgroup --system --gid 1001 nodejs &&     adduser --system --uid 1001 nextjs
2025-10-27T18:25:55.9578650Z #25 CACHED
2025-10-27T18:25:55.9578834Z 
2025-10-27T18:25:55.9579074Z #26 [runner 3/6] COPY --from=builder /app/public ./public
2025-10-27T18:25:56.1288136Z #26 sha256:ec5e21e0dec6f3dfccb84544f451c7855b73be01477a1907451a8a0f898f80d1 0B / 89.26kB 0.2s
2025-10-27T18:25:56.2796889Z #26 sha256:97336347bc91883a8faf861e33f70ba7c9cff8d4188b3d28a50fcd94e5e01f44 975B / 975B 0.2s done
2025-10-27T18:25:56.2798059Z #26 extracting sha256:97336347bc91883a8faf861e33f70ba7c9cff8d4188b3d28a50fcd94e5e01f44 done
2025-10-27T18:25:56.5011278Z #26 sha256:ec5e21e0dec6f3dfccb84544f451c7855b73be01477a1907451a8a0f898f80d1 89.26kB / 89.26kB 0.4s done
2025-10-27T18:25:56.5012055Z #26 extracting sha256:ec5e21e0dec6f3dfccb84544f451c7855b73be01477a1907451a8a0f898f80d1 done
2025-10-27T18:25:56.5012486Z #26 DONE 0.4s
2025-10-27T18:25:56.5012608Z 
2025-10-27T18:25:56.5012870Z #27 [runner 4/6] COPY --from=builder --chown=nextjs:nodejs /app/.next/standalone ./
2025-10-27T18:25:56.9194622Z #27 DONE 0.6s
2025-10-27T18:25:57.0306368Z 
2025-10-27T18:25:57.0307126Z #28 [runner 5/6] COPY --from=builder --chown=nextjs:nodejs /app/.next/static ./.next/static
2025-10-27T18:25:57.0308214Z #28 DONE 0.1s
2025-10-27T18:25:57.1995867Z 
2025-10-27T18:25:57.1996843Z #29 [runner 6/6] COPY --from=builder /app/src/lib/db/migrations ./src/lib/db/migrations
2025-10-27T18:25:57.1997553Z #29 DONE 0.0s
2025-10-27T18:25:57.1997736Z 
2025-10-27T18:25:57.1997880Z #30 exporting to image
2025-10-27T18:25:57.1998222Z #30 exporting layers
2025-10-27T18:25:59.5615088Z #30 exporting layers 2.5s done
2025-10-27T18:25:59.7305641Z #30 exporting manifest sha256:c85afbdcc4c96f33b30317c4a974a73fe4ccba9e41315a5e248e903b4387059f done
2025-10-27T18:25:59.7306357Z #30 exporting config sha256:089b6256f1614fb515267fcc97833969e4fbdcad59d921f9e49fa14bf7b38da3 done
2025-10-27T18:25:59.7307078Z #30 exporting attestation manifest sha256:d5b9bdaf20afa07c407d814c93d8c8345b992538e4ca88420918735b1bae9fb2 done
2025-10-27T18:25:59.7307789Z #30 exporting manifest list sha256:ec64408f4c60f4a001264628efd4ff8b95838c9464565f0196d41215e7b9645b done
2025-10-27T18:25:59.7308251Z #30 pushing layers
2025-10-27T18:26:01.3409610Z #30 pushing layers 1.8s done
2025-10-27T18:26:01.3410960Z #30 pushing manifest for 525896657660.dkr.ecr.us-west-2.amazonaws.com/better-chatbot:380e4a5@sha256:ec64408f4c60f4a001264628efd4ff8b95838c9464565f0196d41215e7b9645b
2025-10-27T18:26:02.1253324Z #30 pushing manifest for 525896657660.dkr.ecr.us-west-2.amazonaws.com/better-chatbot:380e4a5@sha256:ec64408f4c60f4a001264628efd4ff8b95838c9464565f0196d41215e7b9645b 0.8s done
2025-10-27T18:26:02.3324890Z #30 pushing layers 0.2s done
2025-10-27T18:26:02.3326381Z #30 pushing manifest for 525896657660.dkr.ecr.us-west-2.amazonaws.com/better-chatbot:1.24.0-380e4a5@sha256:ec64408f4c60f4a001264628efd4ff8b95838c9464565f0196d41215e7b9645b
2025-10-27T18:26:02.6241085Z #30 pushing manifest for 525896657660.dkr.ecr.us-west-2.amazonaws.com/better-chatbot:1.24.0-380e4a5@sha256:ec64408f4c60f4a001264628efd4ff8b95838c9464565f0196d41215e7b9645b 0.3s done
2025-10-27T18:26:02.8176269Z #30 pushing layers 0.2s done
2025-10-27T18:26:02.8177528Z #30 pushing manifest for 525896657660.dkr.ecr.us-west-2.amazonaws.com/better-chatbot:latest@sha256:ec64408f4c60f4a001264628efd4ff8b95838c9464565f0196d41215e7b9645b
2025-10-27T18:26:03.1663678Z #30 pushing manifest for 525896657660.dkr.ecr.us-west-2.amazonaws.com/better-chatbot:latest@sha256:ec64408f4c60f4a001264628efd4ff8b95838c9464565f0196d41215e7b9645b 0.3s done
2025-10-27T18:26:03.1665397Z #30 DONE 6.1s
2025-10-27T18:26:03.1665585Z 
2025-10-27T18:26:03.1665760Z #31 exporting cache to registry
2025-10-27T18:26:03.1666084Z #31 preparing build cache for export
2025-10-27T18:26:07.2603878Z #31 writing layer sha256:1448787bfa617b60767a3a491259e4096f8c85b6ea3db6c87934517e087d1821
2025-10-27T18:26:07.8000111Z #31 writing layer sha256:1448787bfa617b60767a3a491259e4096f8c85b6ea3db6c87934517e087d1821 0.5s done
2025-10-27T18:26:07.8001170Z #31 writing layer sha256:188f4e62d3a7b946cd184ad61c5b62aa0dc318568a45b6e3ecd49c3d32f8b623
2025-10-27T18:26:07.9364798Z #31 writing layer sha256:188f4e62d3a7b946cd184ad61c5b62aa0dc318568a45b6e3ecd49c3d32f8b623 0.0s done
2025-10-27T18:26:07.9366027Z #31 writing layer sha256:228532b461b16e04dfcc11c110d9023d03091fc67f7718ee24a95430439cada6 0.0s done
2025-10-27T18:26:07.9367047Z #31 writing layer sha256:3970bd366071fdd4e7b30636a6f49f821fbe16ccf3c425aff654d34123451fcf 0.1s done
2025-10-27T18:26:07.9367946Z #31 writing layer sha256:5221c7306c88d64867c441cfcd6331531a0e29fa6d75e526f1e7269b8d63f1a3
2025-10-27T18:26:08.1669204Z #31 writing layer sha256:5221c7306c88d64867c441cfcd6331531a0e29fa6d75e526f1e7269b8d63f1a3 0.0s done
2025-10-27T18:26:08.1670091Z #31 writing layer sha256:59aa8eb5b4f3225b373a5705826af0fd442e3ebafa2d1eae3bfa5f6313b056de 0.0s done
2025-10-27T18:26:08.1670742Z #31 writing layer sha256:61c1193620f78dcd72a16aea0e788210c3d1dc89107d7dfdaf9b7cf8afe0b3f8
2025-10-27T18:26:08.4351313Z #31 writing layer sha256:61c1193620f78dcd72a16aea0e788210c3d1dc89107d7dfdaf9b7cf8afe0b3f8 0.4s done
2025-10-27T18:26:08.4352438Z #31 writing layer sha256:6b59a28fa20117e6048ad0616b8d8c901877ef15ff4c7f18db04e4f01f43bc39
2025-10-27T18:26:08.6341289Z #31 writing layer sha256:6b59a28fa20117e6048ad0616b8d8c901877ef15ff4c7f18db04e4f01f43bc39 0.0s done
2025-10-27T18:26:08.6342092Z #31 writing layer sha256:723e5a94408d2e1d6912942e0bc9b8a8f8950c0331594f6249a7ee0d69e493b2
2025-10-27T18:26:09.8010467Z #31 writing layer sha256:723e5a94408d2e1d6912942e0bc9b8a8f8950c0331594f6249a7ee0d69e493b2 1.3s done
2025-10-27T18:26:09.8011410Z #31 writing layer sha256:8500d8664e8e884cf6805c56aa045c43f85f2f2f34fd8cd097c443b55b75e2a0
2025-10-27T18:26:09.9265240Z #31 writing layer sha256:8500d8664e8e884cf6805c56aa045c43f85f2f2f34fd8cd097c443b55b75e2a0 0.0s done
2025-10-27T18:26:09.9266511Z #31 writing layer sha256:952495c6583e4fffc365e3fe9ffd975093d73fd1e1e46f8fd3b1c844f7c99bb2 0.0s done
2025-10-27T18:26:09.9267347Z #31 writing layer sha256:97336347bc91883a8faf861e33f70ba7c9cff8d4188b3d28a50fcd94e5e01f44 0.0s done
2025-10-27T18:26:09.9268377Z #31 writing layer sha256:9aa1159f99dc7aff15a7868965397072afb77a30659ed43ee0f1f4de0d9c86b5
2025-10-27T18:26:10.0403437Z #31 writing layer sha256:9aa1159f99dc7aff15a7868965397072afb77a30659ed43ee0f1f4de0d9c86b5 0.0s done
2025-10-27T18:26:10.0404401Z #31 writing layer sha256:9aaf1e89e67964ca25ae3cb7f4330e0e1894096d8d030c9d05e9b25d350f7502 0.0s done
2025-10-27T18:26:10.0405066Z #31 writing layer sha256:abb05fab7945bdcc3d33fb3d81f98233475726266b8b146e8ef3ee1ea9c10a02 0.0s done
2025-10-27T18:26:10.0405683Z #31 writing layer sha256:ad394d0c4a77ae336029367cc870ec99993016758de9d4eec0f96f53ad3cb9c3
2025-10-27T18:26:10.1658598Z #31 writing layer sha256:ad394d0c4a77ae336029367cc870ec99993016758de9d4eec0f96f53ad3cb9c3 0.1s done
2025-10-27T18:26:10.1660156Z #31 writing layer sha256:b1ad4485f71849924a9a2cd169aa32242138f911dc72179e6353c3af690c448d 0.1s done
2025-10-27T18:26:10.1661402Z #31 writing layer sha256:c54ca65095a174c701bdf7f6f470399af49868a1fb97f79e937c22878b674d18
2025-10-27T18:26:10.2831366Z #31 writing layer sha256:c54ca65095a174c701bdf7f6f470399af49868a1fb97f79e937c22878b674d18 0.0s done
2025-10-27T18:26:10.2832793Z #31 writing layer sha256:d8e55521ec95104cc21a5590844e29e5a262bcc1714347046cbf7d2473ee419b 0.0s done
2025-10-27T18:26:10.2833870Z #31 writing layer sha256:e3074d9ac80573b6d8fb9fdf57dd0b481d8d5f0dde78ebd3d3471a5460b62c46 0.0s done
2025-10-27T18:26:10.2834744Z #31 writing layer sha256:ea8714730694ae4b7a3ddcb3f4430961f62db579c9860680b6b290826c4371df
2025-10-27T18:26:10.7032600Z #31 writing layer sha256:ea8714730694ae4b7a3ddcb3f4430961f62db579c9860680b6b290826c4371df 0.4s done
2025-10-27T18:26:10.7033647Z #31 writing layer sha256:ec5e21e0dec6f3dfccb84544f451c7855b73be01477a1907451a8a0f898f80d1
2025-10-27T18:26:10.8965195Z #31 writing layer sha256:ec5e21e0dec6f3dfccb84544f451c7855b73be01477a1907451a8a0f898f80d1 0.0s done
2025-10-27T18:26:10.8965955Z #31 writing config sha256:3b92a47e2c5d0b6a9de950d2933ef1d039a287ecdb429d5a77d7fdcae77d5c6f
2025-10-27T18:26:11.2122022Z #31 writing config sha256:3b92a47e2c5d0b6a9de950d2933ef1d039a287ecdb429d5a77d7fdcae77d5c6f 0.5s done
2025-10-27T18:26:11.2123206Z #31 writing cache image manifest sha256:ac8463739161dca9f66b842cdb4f87922ca96e354ed26ee12524d8d8c8377f6c
2025-10-27T18:26:11.4823254Z #31 preparing build cache for export 8.3s done
2025-10-27T18:26:11.4826057Z #31 writing cache image manifest sha256:ac8463739161dca9f66b842cdb4f87922ca96e354ed26ee12524d8d8c8377f6c 0.3s done
2025-10-27T18:26:11.4826937Z #31 DONE 8.3s
2025-10-27T18:26:11.5149465Z 
2025-10-27T18:26:11.5150732Z #32 resolving provenance for metadata file
2025-10-27T18:26:11.5151330Z #32 DONE 0.0s
2025-10-27T18:26:11.5223352Z ##[group]ImageID
2025-10-27T18:26:11.5223966Z sha256:ec64408f4c60f4a001264628efd4ff8b95838c9464565f0196d41215e7b9645b
2025-10-27T18:26:11.5224825Z ##[endgroup]
2025-10-27T18:26:11.5225358Z ##[group]Digest
2025-10-27T18:26:11.5225906Z sha256:ec64408f4c60f4a001264628efd4ff8b95838c9464565f0196d41215e7b9645b
2025-10-27T18:26:11.5226708Z ##[endgroup]
2025-10-27T18:26:11.5227215Z ##[group]Metadata
2025-10-27T18:26:11.5229001Z {
2025-10-27T18:26:11.5229337Z   "buildx.build.provenance": {
2025-10-27T18:26:11.5230204Z     "builder": {
2025-10-27T18:26:11.5230890Z       "id": "https://github.com/osmind-development-org/better-chatbot/actions/runs/18851039033/attempts/1"
2025-10-27T18:26:11.5231623Z     },
2025-10-27T18:26:11.5232000Z     "buildType": "https://mobyproject.org/buildkit@v1",
2025-10-27T18:26:11.5232483Z     "materials": [
2025-10-27T18:26:11.5232788Z       {
2025-10-27T18:26:11.5233121Z         "uri": "pkg:docker/docker/dockerfile@1.4",
2025-10-27T18:26:11.5233563Z         "digest": {
2025-10-27T18:26:11.5234098Z           "sha256": "9ba7531bd80fb0a858632727cf7a112fbfd19b17e94c4e84ced81e24ef1a0dbc"
2025-10-27T18:26:11.5234712Z         }
2025-10-27T18:26:11.5234988Z       },
2025-10-27T18:26:11.5235257Z       {
2025-10-27T18:26:11.5235644Z         "uri": "pkg:docker/node@24-alpine?platform=linux%2Farm64",
2025-10-27T18:26:11.5236142Z         "digest": {
2025-10-27T18:26:11.5236675Z           "sha256": "775ba24d35a13e74dedce1d2af4ad510337b68d8e22be89e0ce2ccc299329083"
2025-10-27T18:26:11.5237288Z         }
2025-10-27T18:26:11.5237554Z       }
2025-10-27T18:26:11.5237818Z     ],
2025-10-27T18:26:11.5238097Z     "invocation": {
2025-10-27T18:26:11.5238420Z       "configSource": {
2025-10-27T18:26:11.5238774Z         "entryPoint": "Dockerfile"
2025-10-27T18:26:11.5239152Z       },
2025-10-27T18:26:11.5239433Z       "parameters": {
2025-10-27T18:26:11.5239779Z         "frontend": "gateway.v0",
2025-10-27T18:26:11.5240303Z         "args": {
2025-10-27T18:26:11.5240647Z           "cmdline": "docker/dockerfile:1.4",
2025-10-27T18:26:11.5241102Z           "source": "docker/dockerfile:1.4"
2025-10-27T18:26:11.5241508Z         },
2025-10-27T18:26:11.5241759Z         "locals": [
2025-10-27T18:26:11.5241950Z           {
2025-10-27T18:26:11.5242132Z             "name": "context"
2025-10-27T18:26:11.5242525Z           },
2025-10-27T18:26:11.5242711Z           {
2025-10-27T18:26:11.5242890Z             "name": "dockerfile"
2025-10-27T18:26:11.5243105Z           }
2025-10-27T18:26:11.5243268Z         ]
2025-10-27T18:26:11.5243448Z       },
2025-10-27T18:26:11.5243620Z       "environment": {
2025-10-27T18:26:11.5243835Z         "platform": "linux/amd64"
2025-10-27T18:26:11.5244056Z       }
2025-10-27T18:26:11.5244216Z     }
2025-10-27T18:26:11.5244378Z   },
2025-10-27T18:26:11.5244898Z   "buildx.build.ref": "builder-a8b88038-653e-47d8-94d7-bad2ba9ca87a/builder-a8b88038-653e-47d8-94d7-bad2ba9ca87a0/exkvh7nhis9jduts7p5pv9z4y",
2025-10-27T18:26:11.5245935Z   "cache.manifest": "{\"mediaType\":\"application/vnd.oci.image.manifest.v1+json\",\"digest\":\"sha256:ac8463739161dca9f66b842cdb4f87922ca96e354ed26ee12524d8d8c8377f6c\",\"size\":7693}",
2025-10-27T18:26:11.5246622Z   "containerimage.descriptor": {
2025-10-27T18:26:11.5246930Z     "mediaType": "application/vnd.oci.image.index.v1+json",
2025-10-27T18:26:11.5247375Z     "digest": "sha256:ec64408f4c60f4a001264628efd4ff8b95838c9464565f0196d41215e7b9645b",
2025-10-27T18:26:11.5247747Z     "size": 856
2025-10-27T18:26:11.5247924Z   },
2025-10-27T18:26:11.5248286Z   "containerimage.digest": "sha256:ec64408f4c60f4a001264628efd4ff8b95838c9464565f0196d41215e7b9645b",
2025-10-27T18:26:11.5249292Z   "image.name": "525896657660.dkr.ecr.us-west-2.amazonaws.com/better-chatbot:380e4a5,525896657660.dkr.ecr.us-west-2.amazonaws.com/better-chatbot:1.24.0-380e4a5,525896657660.dkr.ecr.us-west-2.amazonaws.com/better-chatbot:latest"
2025-10-27T18:26:11.5250726Z }
2025-10-27T18:26:11.5251059Z ##[endgroup]
2025-10-27T18:26:11.5251385Z ##[group]Reference
2025-10-27T18:26:11.5251863Z builder-a8b88038-653e-47d8-94d7-bad2ba9ca87a/builder-a8b88038-653e-47d8-94d7-bad2ba9ca87a0/exkvh7nhis9jduts7p5pv9z4y
2025-10-27T18:26:11.5252499Z ##[endgroup]
2025-10-27T18:26:11.5252820Z ##[group]Check build summary support
2025-10-27T18:26:11.5253203Z Build summary supported!
2025-10-27T18:26:11.5253535Z ##[endgroup]
2025-10-27T18:26:11.5378903Z Post job cleanup.
2025-10-27T18:26:11.5421295Z Post job cleanup.
2025-10-27T18:26:11.8117295Z ##[group]Generating build summary
2025-10-27T18:26:11.8123573Z exporting build record to /home/runner/work/_temp/docker-actions-toolkit-cRPvNs/export
2025-10-27T18:26:12.0378102Z [command]/usr/bin/docker buildx history export --builder builder-a8b88038-653e-47d8-94d7-bad2ba9ca87a --output /home/runner/work/_temp/docker-actions-toolkit-cRPvNs/export/osmind-development-org~better-chatbot~EXKVH7.dockerbuild exkvh7nhis9jduts7p5pv9z4y --finalize
2025-10-27T18:26:12.3334450Z Build record written to /home/runner/work/_temp/docker-actions-toolkit-cRPvNs/export/osmind-development-org~better-chatbot~EXKVH7.dockerbuild (69.83 KB)
2025-10-27T18:26:12.3360562Z Uploading osmind-development-org~better-chatbot~EXKVH7.dockerbuild to blob storage
2025-10-27T18:26:12.6400839Z Beginning upload of artifact content to blob storage
2025-10-27T18:26:12.6505042Z Uploaded bytes 65536
2025-10-27T18:26:12.6506879Z Uploaded bytes 71506
2025-10-27T18:26:13.0719727Z Finished uploading artifact content to blob storage!
2025-10-27T18:26:13.0724911Z SHA256 hash of uploaded artifact is fa4361622b726181555c7b63dcb4cea23eadcc2fd9def50f88c1b0de9ed4cbfe
2025-10-27T18:26:13.0726078Z Finalizing artifact upload
2025-10-27T18:26:13.4293604Z Artifact successfully finalized (4385385114)
2025-10-27T18:26:13.4294919Z Artifact download URL: https://github.com/osmind-development-org/better-chatbot/actions/runs/18851039033/artifacts/4385385114
2025-10-27T18:26:13.4322384Z Writing summary
2025-10-27T18:26:13.4337126Z ##[endgroup]
2025-10-27T18:26:13.4338036Z ##[group]Removing temp folder /home/runner/work/_temp/docker-actions-toolkit-FtyKo0
2025-10-27T18:26:13.4347036Z ##[endgroup]
2025-10-27T18:26:13.4347668Z ##[group]Post cache
2025-10-27T18:26:13.4348958Z State not set
2025-10-27T18:26:13.4349649Z ##[endgroup]
2025-10-27T18:26:13.4491482Z Post job cleanup.
2025-10-27T18:26:13.7305159Z ##[group]Removing builder
2025-10-27T18:26:13.8247929Z [command]/usr/bin/docker buildx rm builder-a8b88038-653e-47d8-94d7-bad2ba9ca87a
2025-10-27T18:26:16.7264044Z builder-a8b88038-653e-47d8-94d7-bad2ba9ca87a removed
2025-10-27T18:26:16.7325885Z ##[endgroup]
2025-10-27T18:26:16.7327223Z ##[group]Cleaning up certificates
2025-10-27T18:26:16.7333849Z ##[endgroup]
2025-10-27T18:26:16.7348094Z ##[group]Post cache
2025-10-27T18:26:16.7348461Z State not set
2025-10-27T18:26:16.7348893Z ##[endgroup]
2025-10-27T18:26:16.7454152Z Post job cleanup.
2025-10-27T18:26:17.0430418Z [command]/usr/bin/docker logout 525896657660.dkr.ecr.us-west-2.amazonaws.com
2025-10-27T18:26:17.0559936Z Removing login credentials for 525896657660.dkr.ecr.us-west-2.amazonaws.com
2025-10-27T18:26:17.0595740Z ##[group]Post cache
2025-10-27T18:26:17.0597615Z State not set
2025-10-27T18:26:17.0599459Z ##[endgroup]
2025-10-27T18:26:17.0733077Z Post job cleanup.
2025-10-27T18:26:17.2014639Z Post job cleanup.
2025-10-27T18:26:17.2957733Z [command]/usr/bin/git version
2025-10-27T18:26:17.2999540Z git version 2.51.0
2025-10-27T18:26:17.3048632Z Temporarily overriding HOME='/home/runner/work/_temp/39ea8349-049f-4d62-a654-93914a4ec78e' before making global git config changes
2025-10-27T18:26:17.3050046Z Adding repository directory to the temporary git global config as a safe directory
2025-10-27T18:26:17.3061609Z [command]/usr/bin/git config --global --add safe.directory /home/runner/work/better-chatbot/better-chatbot
2025-10-27T18:26:17.3097576Z [command]/usr/bin/git config --local --name-only --get-regexp core\.sshCommand
2025-10-27T18:26:17.3130135Z [command]/usr/bin/git submodule foreach --recursive sh -c "git config --local --name-only --get-regexp 'core\.sshCommand' && git config --local --unset-all 'core.sshCommand' || :"
2025-10-27T18:26:17.3362090Z [command]/usr/bin/git config --local --name-only --get-regexp http\.https\:\/\/github\.com\/\.extraheader
2025-10-27T18:26:17.3385404Z http.https://github.com/.extraheader
2025-10-27T18:26:17.3398004Z [command]/usr/bin/git config --local --unset-all http.https://github.com/.extraheader
2025-10-27T18:26:17.3432825Z [command]/usr/bin/git submodule foreach --recursive sh -c "git config --local --name-only --get-regexp 'http\.https\:\/\/github\.com\/\.extraheader' && git config --local --unset-all 'http.https://github.com/.extraheader' || :"
2025-10-27T18:26:17.3766997Z Evaluate and set job outputs
2025-10-27T18:26:17.3771972Z Set output 'IMAGE_TAG'
2025-10-27T18:26:17.3773761Z Set output 'IMAGE_NAME'
2025-10-27T18:26:17.3774557Z Cleaning up orphan processes
